Component: ARM Compiler 5.06 (build 20) Tool: armlink [4d35a3]

==============================================================================

Section Cross References

    main.o(i._Z8vLEDTaskPv) refers to gpio.o(i.LED_ON) for LED_ON
    main.o(i._Z8vLEDTaskPv) refers to tasks_1.o(i.vTaskDelay) for vTaskDelay
    main.o(i._Z8vLEDTaskPv) refers to gpio.o(i.LED_OFF) for LED_OFF
    main.o(i.main) refers to trcuser.o(i.vTraceInitTraceData) for vTraceInitTraceData
    main.o(i.main) refers to trcuser.o(i.uiTraceStart) for uiTraceStart
    main.o(i.main) refers to temperature.o(i._Z18Temperature_Configv) for Temperature_Config()
    main.o(i.main) refers to temperature.o(i._Z15Get_Temperaturev) for Get_Temperature()
    main.o(i.main) refers to dflt_clz.o(x$fpl$dfltu) for __aeabi_ui2d
    main.o(i.main) refers to dmul.o(x$fpl$dmul) for __aeabi_dmul
    main.o(i.main) refers to ddiv.o(x$fpl$ddiv) for __aeabi_ddiv
    main.o(i.main) refers to daddsub_clz.o(x$fpl$drsb) for __aeabi_drsub
    main.o(i.main) refers to daddsub_clz.o(x$fpl$dadd) for __aeabi_dadd
    main.o(i.main) refers to d2f.o(x$fpl$d2f) for __aeabi_d2f
    main.o(i.main) refers to tasks_1.o(i.xTaskGenericCreate) for xTaskGenericCreate
    main.o(i.main) refers to tasks_1.o(i.vTaskStartScheduler) for vTaskStartScheduler
    main.o(i.main) refers to main.o(i._Z8vLEDTaskPv) for vLEDTask(void*)
    main.o(.ARM.exidx) refers to main.o(i._Z8vLEDTaskPv) for i._Z8vLEDTaskPv
    main.o(.ARM.exidx) refers to main.o(i.main) for i.main
    event_groups_1.o(i.vEventGroupClearBitsCallback) refers to event_groups_1.o(i.xEventGroupClearBits) for xEventGroupClearBits
    event_groups_1.o(i.vEventGroupDelete) refers to tasks_1.o(i.vTaskSuspendAll) for vTaskSuspendAll
    event_groups_1.o(i.vEventGroupDelete) refers to event_groups_1.o(i.uxEventGroupGetNumber) for uxEventGroupGetNumber
    event_groups_1.o(i.vEventGroupDelete) refers to trckernel.o(i.vTraceStoreKernelCall) for vTraceStoreKernelCall
    event_groups_1.o(i.vEventGroupDelete) refers to trckernel.o(i.vTraceStoreObjectNameOnCloseEvent) for vTraceStoreObjectNameOnCloseEvent
    event_groups_1.o(i.vEventGroupDelete) refers to trckernel.o(i.vTraceStoreObjectPropertiesOnCloseEvent) for vTraceStoreObjectPropertiesOnCloseEvent
    event_groups_1.o(i.vEventGroupDelete) refers to trcbase.o(i.vTraceFreeObjectHandle) for vTraceFreeObjectHandle
    event_groups_1.o(i.vEventGroupDelete) refers to tasks_1.o(i.xTaskRemoveFromUnorderedEventList) for xTaskRemoveFromUnorderedEventList
    event_groups_1.o(i.vEventGroupDelete) refers to heap_2_1.o(i.vPortFree) for vPortFree
    event_groups_1.o(i.vEventGroupDelete) refers to tasks_1.o(i.xTaskResumeAll) for xTaskResumeAll
    event_groups_1.o(i.vEventGroupSetBitsCallback) refers to event_groups_1.o(i.xEventGroupSetBits) for xEventGroupSetBits
    event_groups_1.o(i.xEventGroupClearBits) refers to port_1.o(i.vPortEnterCritical) for vPortEnterCritical
    event_groups_1.o(i.xEventGroupClearBits) refers to event_groups_1.o(i.uxEventGroupGetNumber) for uxEventGroupGetNumber
    event_groups_1.o(i.xEventGroupClearBits) refers to trckernel.o(i.vTraceStoreKernelCallWithParam) for vTraceStoreKernelCallWithParam
    event_groups_1.o(i.xEventGroupClearBits) refers to port_1.o(i.vPortExitCritical) for vPortExitCritical
    event_groups_1.o(i.xEventGroupCreate) refers to heap_2_1.o(i.pvPortMalloc) for pvPortMalloc
    event_groups_1.o(i.xEventGroupCreate) refers to list_1.o(i.vListInitialise) for vListInitialise
    event_groups_1.o(i.xEventGroupCreate) refers to trcbase.o(i.xTraceGetObjectHandle) for xTraceGetObjectHandle
    event_groups_1.o(i.xEventGroupCreate) refers to event_groups_1.o(i.uxEventGroupGetNumber) for uxEventGroupGetNumber
    event_groups_1.o(i.xEventGroupCreate) refers to trckernel.o(i.vTraceStoreKernelCall) for vTraceStoreKernelCall
    event_groups_1.o(i.xEventGroupGetBitsFromISR) refers to port_1.o(.emb_text) for ulPortSetInterruptMask
    event_groups_1.o(i.xEventGroupSetBits) refers to tasks_1.o(i.vTaskSuspendAll) for vTaskSuspendAll
    event_groups_1.o(i.xEventGroupSetBits) refers to event_groups_1.o(i.uxEventGroupGetNumber) for uxEventGroupGetNumber
    event_groups_1.o(i.xEventGroupSetBits) refers to trckernel.o(i.vTraceStoreKernelCallWithParam) for vTraceStoreKernelCallWithParam
    event_groups_1.o(i.xEventGroupSetBits) refers to tasks_1.o(i.xTaskRemoveFromUnorderedEventList) for xTaskRemoveFromUnorderedEventList
    event_groups_1.o(i.xEventGroupSetBits) refers to tasks_1.o(i.xTaskResumeAll) for xTaskResumeAll
    event_groups_1.o(i.xEventGroupSync) refers to tasks_1.o(i.vTaskSuspendAll) for vTaskSuspendAll
    event_groups_1.o(i.xEventGroupSync) refers to event_groups_1.o(i.xEventGroupSetBits) for xEventGroupSetBits
    event_groups_1.o(i.xEventGroupSync) refers to event_groups_1.o(i.uxEventGroupGetNumber) for uxEventGroupGetNumber
[...]
    DStep\\PWM\\pwm.c                        0x00000000   Number         0  pwm_1.o ABSOLUTE
    DStep\\SDIO\\sdio_sdcard.c               0x00000000   Number         0  sdio_sdcard.o ABSOLUTE
    DStep\\SPI\\spi.cpp                      0x00000000   Number         0  spi.o ABSOLUTE
    DStep\\Temperature\\temperature.cpp      0x00000000   Number         0  temperature.o ABSOLUTE
    DStep\\UART\\uart.cpp                    0x00000000   Number         0  uart.o ABSOLUTE
    H:\Keil_v5\ARM\PACK\Keil\STM32F1xx_DFP\2.0.0\Device\StdPeriph_Driver\src\misc.c 0x00000000   Number         0  misc.o ABSOLUTE
    H:\Keil_v5\ARM\PACK\Keil\STM32F1xx_DFP\2.0.0\Device\StdPeriph_Driver\src\stm32f10x_adc.c 0x00000000   Number         0  stm32f10x_adc.o ABSOLUTE
    H:\Keil_v5\ARM\PACK\Keil\STM32F1xx_DFP\2.0.0\Device\StdPeriph_Driver\src\stm32f10x_bkp.c 0x00000000   Number         0  stm32f10x_bkp.o ABSOLUTE
    H:\Keil_v5\ARM\PACK\Keil\STM32F1xx_DFP\2.0.0\Device\StdPeriph_Driver\src\stm32f10x_can.c 0x00000000   Number         0  stm32f10x_can.o ABSOLUTE
    H:\Keil_v5\ARM\PACK\Keil\STM32F1xx_DFP\2.0.0\Device\StdPeriph_Driver\src\stm32f10x_cec.c 0x00000000   Number         0  stm32f10x_cec.o ABSOLUTE
    H:\Keil_v5\ARM\PACK\Keil\STM32F1xx_DFP\2.0.0\Device\StdPeriph_Driver\src\stm32f10x_crc.c 0x00000000   Number         0  stm32f10x_crc.o ABSOLUTE
    H:\Keil_v5\ARM\PACK\Keil\STM32F1xx_DFP\2.0.0\Device\StdPeriph_Driver\src\stm32f10x_dac.c 0x00000000   Number         0  stm32f10x_dac.o ABSOLUTE
    H:\Keil_v5\ARM\PACK\Keil\STM32F1xx_DFP\2.0.0\Device\StdPeriph_Driver\src\stm32f10x_dbgmcu.c 0x00000000   Number         0  stm32f10x_dbgmcu.o ABSOLUTE
    H:\Keil_v5\ARM\PACK\Keil\STM32F1xx_DFP\2.0.0\Device\StdPeriph_Driver\src\stm32f10x_dma.c 0x00000000   Number         0  stm32f10x_dma.o ABSOLUTE
    H:\Keil_v5\ARM\PACK\Keil\STM32F1xx_DFP\2.0.0\Device\StdPeriph_Driver\src\stm32f10x_exti.c 0x00000000   Number         0  stm32f10x_exti.o ABSOLUTE
    H:\Keil_v5\ARM\PACK\Keil\STM32F1xx_DFP\2.0.0\Device\StdPeriph_Driver\src\stm32f10x_flash.c 0x00000000   Number         0  stm32f10x_flash.o ABSOLUTE
    H:\Keil_v5\ARM\PACK\Keil\STM32F1xx_DFP\2.0.0\Device\StdPeriph_Driver\src\stm32f10x_fsmc.c 0x00000000   Number         0  stm32f10x_fsmc.o ABSOLUTE
    H:\Keil_v5\ARM\PACK\Keil\STM32F1xx_DFP\2.0.0\Device\StdPeriph_Driver\src\stm32f10x_gpio.c 0x00000000   Number         0  stm32f10x_gpio.o ABSOLUTE
    H:\Keil_v5\ARM\PACK\Keil\STM32F1xx_DFP\2.0.0\Device\StdPeriph_Driver\src\stm32f10x_i2c.c 0x00000000   Number         0  stm32f10x_i2c.o ABSOLUTE
    H:\Keil_v5\ARM\PACK\Keil\STM32F1xx_DFP\2.0.0\Device\StdPeriph_Driver\src\stm32f10x_iwdg.c 0x00000000   Number         0  stm32f10x_iwdg.o ABSOLUTE
    H:\Keil_v5\ARM\PACK\Keil\STM32F1xx_DFP\2.0.0\Device\StdPeriph_Driver\src\stm32f10x_pwr.c 0x00000000   Number         0  stm32f10x_pwr.o ABSOLUTE
    H:\Keil_v5\ARM\PACK\Keil\STM32F1xx_DFP\2.0.0\Device\StdPeriph_Driver\src\stm32f10x_rcc.c 0x00000000   Number         0  stm32f10x_rcc.o ABSOLUTE
    H:\Keil_v5\ARM\PACK\Keil\STM32F1xx_DFP\2.0.0\Device\StdPeriph_Driver\src\stm32f10x_rtc.c 0x00000000   Number         0  stm32f10x_rtc.o ABSOLUTE
    H:\Keil_v5\ARM\PACK\Keil\STM32F1xx_DFP\2.0.0\Device\StdPeriph_Driver\src\stm32f10x_sdio.c 0x00000000   Number         0  stm32f10x_sdio.o ABSOLUTE
    H:\Keil_v5\ARM\PACK\Keil\STM32F1xx_DFP\2.0.0\Device\StdPeriph_Driver\src\stm32f10x_spi.c 0x00000000   Number         0  stm32f10x_spi.o ABSOLUTE
    H:\Keil_v5\ARM\PACK\Keil\STM32F1xx_DFP\2.0.0\Device\StdPeriph_Driver\src\stm32f10x_tim.c 0x00000000   Number         0  stm32f10x_tim.o ABSOLUTE
    H:\Keil_v5\ARM\PACK\Keil\STM32F1xx_DFP\2.0.0\Device\StdPeriph_Driver\src\stm32f10x_usart.c 0x00000000   Number         0  stm32f10x_usart.o ABSOLUTE
    H:\Keil_v5\ARM\PACK\Keil\STM32F1xx_DFP\2.0.0\Device\StdPeriph_Driver\src\stm32f10x_wwdg.c 0x00000000   Number         0  stm32f10x_wwdg.o ABSOLUTE
    H:\\Keil_v5\\ARM\\PACK\\Keil\\STM32F1xx_DFP\\2.0.0\\Device\\StdPeriph_Driver\\src\\misc.c 0x00000000   Number         0  misc.o ABSOLUTE
    H:\\Keil_v5\\ARM\\PACK\\Keil\\STM32F1xx_DFP\\2.0.0\\Device\\StdPeriph_Driver\\src\\stm32f10x_adc.c 0x00000000   Number         0  stm32f10x_adc.o ABSOLUTE
    H:\\Keil_v5\\ARM\\PACK\\Keil\\STM32F1xx_DFP\\2.0.0\\Device\\StdPeriph_Driver\\src\\stm32f10x_bkp.c 0x00000000   Number         0  stm32f10x_bkp.o ABSOLUTE
    H:\\Keil_v5\\ARM\\PACK\\Keil\\STM32F1xx_DFP\\2.0.0\\Device\\StdPeriph_Driver\\src\\stm32f10x_can.c 0x00000000   Number         0  stm32f10x_can.o ABSOLUTE
    H:\\Keil_v5\\ARM\\PACK\\Keil\\STM32F1xx_DFP\\2.0.0\\Device\\StdPeriph_Driver\\src\\stm32f10x_cec.c 0x00000000   Number         0  stm32f10x_cec.o ABSOLUTE
    H:\\Keil_v5\\ARM\\PACK\\Keil\\STM32F1xx_DFP\\2.0.0\\Device\\StdPeriph_Driver\\src\\stm32f10x_crc.c 0x00000000   Number         0  stm32f10x_crc.o ABSOLUTE
    H:\\Keil_v5\\ARM\\PACK\\Keil\\STM32F1xx_DFP\\2.0.0\\Device\\StdPeriph_Driver\\src\\stm32f10x_dac.c 0x00000000   Number         0  stm32f10x_dac.o ABSOLUTE
    H:\\Keil_v5\\ARM\\PACK\\Keil\\STM32F1xx_DFP\\2.0.0\\Device\\StdPeriph_Driver\\src\\stm32f10x_dbgmcu.c 0x00000000   Number         0  stm32f10x_dbgmcu.o ABSOLUTE
    H:\\Keil_v5\\ARM\\PACK\\Keil\\STM32F1xx_DFP\\2.0.0\\Device\\StdPeriph_Driver\\src\\stm32f10x_dma.c 0x00000000   Number         0  stm32f10x_dma.o ABSOLUTE
    H:\\Keil_v5\\ARM\\PACK\\Keil\\STM32F1xx_DFP\\2.0.0\\Device\\StdPeriph_Driver\\src\\stm32f10x_exti.c 0x00000000   Number         0  stm32f10x_exti.o ABSOLUTE
    H:\\Keil_v5\\ARM\\PACK\\Keil\\STM32F1xx_DFP\\2.0.0\\Device\\StdPeriph_Driver\\src\\stm32f10x_flash.c 0x00000000   Number         0  stm32f10x_flash.o ABSOLUTE
    H:\\Keil_v5\\ARM\\PACK\\Keil\\STM32F1xx_DFP\\2.0.0\\Device\\StdPeriph_Driver\\src\\stm32f10x_fsmc.c 0x00000000   Number         0  stm32f10x_fsmc.o ABSOLUTE
    H:\\Keil_v5\\ARM\\PACK\\Keil\\STM32F1xx_DFP\\2.0.0\\Device\\StdPeriph_Driver\\src\\stm32f10x_gpio.c 0x00000000   Number         0  stm32f10x_gpio.o ABSOLUTE
    H:\\Keil_v5\\ARM\\PACK\\Keil\\STM32F1xx_DFP\\2.0.0\\Device\\StdPeriph_Driver\\src\\stm32f10x_i2c.c 0x00000000   Number         0  stm32f10x_i2c.o ABSOLUTE
    H:\\Keil_v5\\ARM\\PACK\\Keil\\STM32F1xx_DFP\\2.0.0\\Device\\StdPeriph_Driver\\src\\stm32f10x_iwdg.c 0x00000000   Number         0  stm32f10x_iwdg.o ABSOLUTE
    H:\\Keil_v5\\ARM\\PACK\\Keil\\STM32F1xx_DFP\\2.0.0\\Device\\StdPeriph_Driver\\src\\stm32f10x_pwr.c 0x00000000   Number         0  stm32f10x_pwr.o ABSOLUTE
    H:\\Keil_v5\\ARM\\PACK\\Keil\\STM32F1xx_DFP\\2.0.0\\Device\\StdPeriph_Driver\\src\\stm32f10x_rcc.c 0x00000000   Number         0  stm32f10x_rcc.o ABSOLUTE
    H:\\Keil_v5\\ARM\\PACK\\Keil\\STM32F1xx_DFP\\2.0.0\\Device\\StdPeriph_Driver\\src\\stm32f10x_rtc.c 0x00000000   Number         0  stm32f10x_rtc.o ABSOLUTE
    H:\\Keil_v5\\ARM\\PACK\\Keil\\STM32F1xx_DFP\\2.0.0\\Device\\StdPeriph_Driver\\src\\stm32f10x_sdio.c 0x00000000   Number         0  stm32f10x_sdio.o ABSOLUTE
    H:\\Keil_v5\\ARM\\PACK\\Keil\\STM32F1xx_DFP\\2.0.0\\Device\\StdPeriph_Driver\\src\\stm32f10x_spi.c 0x00000000   Number         0  stm32f10x_spi.o ABSOLUTE
    H:\\Keil_v5\\ARM\\PACK\\Keil\\STM32F1xx_DFP\\2.0.0\\Device\\StdPeriph_Driver\\src\\stm32f10x_tim.c 0x00000000   Number         0  stm32f10x_tim.o ABSOLUTE
    H:\\Keil_v5\\ARM\\PACK\\Keil\\STM32F1xx_DFP\\2.0.0\\Device\\StdPeriph_Driver\\src\\stm32f10x_usart.c 0x00000000   Number         0  stm32f10x_usart.o ABSOLUTE
    H:\\Keil_v5\\ARM\\PACK\\Keil\\STM32F1xx_DFP\\2.0.0\\Device\\StdPeriph_Driver\\src\\stm32f10x_wwdg.c 0x00000000   Number         0  stm32f10x_wwdg.o ABSOLUTE
    RTE\Device\STM32F103RC\startup_stm32f10x_hd.s 0x00000000   Number         0  startup_stm32f10x_hd.o ABSOLUTE
    RTE\Device\STM32F103RC\system_stm32f10x.c 0x00000000   Number         0  system_stm32f10x.o ABSOLUTE
    RTE\\Device\\STM32F103RC\\system_stm32f10x.c 0x00000000   Number         0  system_stm32f10x.o ABSOLUTE
    dc.s                                     0x00000000   Number         0  dc.o ABSOLUTE
    main.cpp                                 0x00000000   Number         0  main.o ABSOLUTE
    main.cpp                                 0x00000000   Number         0  main.o ABSOLUTE
    RESET                                    0x08000000   Section      304  startup_stm32f10x_hd.o(RESET)
    !!!main                                  0x08000130   Section        8  __main.o(!!!main)
    !!!scatter                               0x08000138   Section       52  __scatter.o(!!!scatter)
    !!handler_copy                           0x0800016c   Section       26  __scatter_copy.o(!!handler_copy)
    !!handler_zi                             0x08000188   Section       28  __scatter_zi.o(!!handler_zi)
    .ARM.Collect$$libinit$$00000000          0x080001a4   Section        2  libinit.o(.ARM.Collect$$libinit$$00000000)
    .ARM.Collect$$libinit$$00000002          0x080001a6   Section        0  libinit2.o(.ARM.Collect$$libinit$$00000002)
    .ARM.Collect$$libinit$$00000004          0x080001a6   Section        0  libinit2.o(.ARM.Collect$$libinit$$00000004)
    .ARM.Collect$$libinit$$0000000A          0x080001a6   Section        0  libinit2.o(.ARM.Collect$$libinit$$0000000A)
    .ARM.Collect$$libinit$$0000000C          0x080001a6   Section        0  libinit2.o(.ARM.Collect$$libinit$$0000000C)
    .ARM.Collect$$libinit$$0000000E          0x080001a6   Section        0  libinit2.o(.ARM.Collect$$libinit$$0000000E)
    .ARM.Collect$$libinit$$00000011          0x080001a6   Section        0  libinit2.o(.ARM.Collect$$libinit$$00000011)
    .ARM.Collect$$libinit$$00000013          0x080001a6   Section        0  libinit2.o(.ARM.Collect$$libinit$$00000013)
    .ARM.Collect$$libinit$$00000015          0x080001a6   Section        0  libinit2.o(.ARM.Collect$$libinit$$00000015)
    .ARM.Collect$$libinit$$00000017          0x080001a6   Section        0  libinit2.o(.ARM.Collect$$libinit$$00000017)
    .ARM.Collect$$libinit$$00000019          0x080001a6   Section        0  libinit2.o(.ARM.Collect$$libinit$$00000019)
    .ARM.Collect$$libinit$$0000001B          0x080001a6   Section        0  libinit2.o(.ARM.Collect$$libinit$$0000001B)
    .ARM.Collect$$libinit$$0000001D          0x080001a6   Section        0  libinit2.o(.ARM.Collect$$libinit$$0000001D)
    .ARM.Collect$$libinit$$0000001F          0x080001a6   Section        0  libinit2.o(.ARM.Collect$$libinit$$0000001F)
    .ARM.Collect$$libinit$$00000021          0x080001a6   Section        0  libinit2.o(.ARM.Collect$$libinit$$00000021)
    .ARM.Collect$$libinit$$00000023          0x080001a6   Section        0  libinit2.o(.ARM.Collect$$libinit$$00000023)
    .ARM.Collect$$libinit$$00000025          0x080001a6   Section        0  libinit2.o(.ARM.Collect$$libinit$$00000025)
    .ARM.Collect$$libinit$$0000002C          0x080001a6   Section        0  libinit2.o(.ARM.Collect$$libinit$$0000002C)
    .ARM.Collect$$libinit$$0000002E          0x080001a6   Section        0  libinit2.o(.ARM.Collect$$libinit$$0000002E)
    .ARM.Collect$$libinit$$00000030          0x080001a6   Section        0  libinit2.o(.ARM.Collect$$libinit$$00000030)
    .ARM.Collect$$libinit$$00000032          0x080001a6   Section        0  libinit2.o(.ARM.Collect$$libinit$$00000032)
    .ARM.Collect$$libinit$$00000033          0x080001a6   Section        2  libinit2.o(.ARM.Collect$$libinit$$00000033)
    .ARM.Collect$$libshutdown$$00000000      0x080001a8   Section        2  libshutdown.o(.ARM.Collect$$libshutdown$$00000000)
    .ARM.Collect$$libshutdown$$00000002      0x080001aa   Section        0  libshutdown2.o(.ARM.Collect$$libshutdown$$00000002)
    .ARM.Collect$$libshutdown$$00000004      0x080001aa   Section        0  libshutdown2.o(.ARM.Collect$$libshutdown$$00000004)
    .ARM.Collect$$libshutdown$$00000007      0x080001aa   Section        0  libshutdown2.o(.ARM.Collect$$libshutdown$$00000007)
    .ARM.Collect$$libshutdown$$0000000A      0x080001aa   Section        0  libshutdown2.o(.ARM.Collect$$libshutdown$$0000000A)
    .ARM.Collect$$libshutdown$$0000000C      0x080001aa   Section        0  libshutdown2.o(.ARM.Collect$$libshutdown$$0000000C)
    .ARM.Collect$$libshutdown$$0000000F      0x080001aa   Section        0  libshutdown2.o(.ARM.Collect$$libshutdown$$0000000F)
    .ARM.Collect$$libshutdown$$00000010      0x080001aa   Section        2  libshutdown2.o(.ARM.Collect$$libshutdown$$00000010)
    .ARM.Collect$$rtentry$$00000000          0x080001ac   Section        0  __rtentry.o(.ARM.Collect$$rtentry$$00000000)
    .ARM.Collect$$rtentry$$00000002          0x080001ac   Section        0  __rtentry2.o(.ARM.Collect$$rtentry$$00000002)
    .ARM.Collect$$rtentry$$00000004          0x080001ac   Section        6  __rtentry4.o(.ARM.Collect$$rtentry$$00000004)
    .ARM.Collect$$rtentry$$00000009          0x080001b2   Section        0  __rtentry2.o(.ARM.Collect$$rtentry$$00000009)
    .ARM.Collect$$rtentry$$0000000A          0x080001b2   Section        4  __rtentry2.o(.ARM.Collect$$rtentry$$0000000A)
    .ARM.Collect$$rtentry$$0000000C          0x080001b6   Section        0  __rtentry2.o(.ARM.Collect$$rtentry$$0000000C)
    .ARM.Collect$$rtentry$$0000000D          0x080001b6   Section        8  __rtentry2.o(.ARM.Collect$$rtentry$$0000000D)
    .ARM.Collect$$rtexit$$00000000           0x080001be   Section        2  rtexit.o(.ARM.Collect$$rtexit$$00000000)
    .ARM.Collect$$rtexit$$00000002           0x080001c0   Section        0  rtexit2.o(.ARM.Collect$$rtexit$$00000002)
    .ARM.Collect$$rtexit$$00000003           0x080001c0   Section        4  rtexit2.o(.ARM.Collect$$rtexit$$00000003)
    .ARM.Collect$$rtexit$$00000004           0x080001c4   Section        6  rtexit2.o(.ARM.Collect$$rtexit$$00000004)
    .emb_text                                0x080001cc   Section      162  port_1.o(.emb_text)
    .text                                    0x08000270   Section       64  startup_stm32f10x_hd.o(.text)
    .text                                    0x080002b0   Section       16  aeabi_memset.o(.text)
    .text                                    0x080002c0   Section       78  rt_memclr_w.o(.text)
    .text                                    0x0800030e   Section       86  strncpy.o(.text)
    .text                                    0x08000364   Section        0  heapauxi.o(.text)
    .text                                    0x0800036a   Section       68  rt_memclr.o(.text)
    .text                                    0x080003ae   Section       74  sys_stackheap_outer.o(.text)
    .text                                    0x080003f8   Section        0  exit.o(.text)
    .text                                    0x0800040c   Section        8  libspace.o(.text)
    .text                                    0x08000414   Section        0  sys_exit.o(.text)
    .text                                    0x08000420   Section        2  use_no_semi.o(.text)
    .text                                    0x08000422   Section        0  indicate_semi.o(.text)
    i.ADC_Cmd                                0x08000422   Section        0  stm32f10x_adc.o(i.ADC_Cmd)
    i.ADC_DeInit                             0x08000438   Section        0  stm32f10x_adc.o(i.ADC_DeInit)
    i.ADC_GetCalibrationStatus               0x08000494   Section        0  stm32f10x_adc.o(i.ADC_GetCalibrationStatus)
    i.ADC_GetConversionValue                 0x080004a8   Section        0  stm32f10x_adc.o(i.ADC_GetConversionValue)
    i.ADC_GetFlagStatus                      0x080004b0   Section        0  stm32f10x_adc.o(i.ADC_GetFlagStatus)
    i.ADC_GetResetCalibrationStatus          0x080004c2   Section        0  stm32f10x_adc.o(i.ADC_GetResetCalibrationStatus)
    i.ADC_Init                               0x080004d8   Section        0  stm32f10x_adc.o(i.ADC_Init)
    i.ADC_RegularChannelConfig               0x08000528   Section        0  stm32f10x_adc.o(i.ADC_RegularChannelConfig)
    i.ADC_ResetCalibration                   0x080005e0   Section        0  stm32f10x_adc.o(i.ADC_ResetCalibration)
    i.ADC_SoftwareStartConvCmd               0x080005ea   Section        0  stm32f10x_adc.o(i.ADC_SoftwareStartConvCmd)
    i.ADC_StartCalibration                   0x08000600   Section        0  stm32f10x_adc.o(i.ADC_StartCalibration)
    i.ADC_TempSensorVrefintCmd               0x0800060c   Section        0  stm32f10x_adc.o(i.ADC_TempSensorVrefintCmd)
    i.CmdResp1Error                          0x08000630   Section        0  sdio_sdcard.o(i.CmdResp1Error)
    CmdResp1Error                            0x08000631   Thumb Code    36  sdio_sdcard.o(i.CmdResp1Error)
    i.GPIO_ResetBits                         0x08000658   Section        0  stm32f10x_gpio.o(i.GPIO_ResetBits)
    i.GPIO_SetBits                           0x0800065c   Section        0  stm32f10x_gpio.o(i.GPIO_SetBits)
    i.LED_OFF                                0x08000660   Section        0  gpio.o(i.LED_OFF)
    i.LED_ON                                 0x08000674   Section        0  gpio.o(i.LED_ON)
    i.RCC_ADCCLKConfig                       0x08000688   Section        0  stm32f10x_rcc.o(i.RCC_ADCCLKConfig)
    i.RCC_APB2PeriphClockCmd                 0x080006a0   Section        0  stm32f10x_rcc.o(i.RCC_APB2PeriphClockCmd)
    i.RCC_APB2PeriphResetCmd                 0x080006c0   Section        0  stm32f10x_rcc.o(i.RCC_APB2PeriphResetCmd)
    i.SDIO_ClearITPendingBit                 0x080006e0   Section        0  stm32f10x_sdio.o(i.SDIO_ClearITPendingBit)
    i.SDIO_GetITStatus                       0x080006ec   Section        0  stm32f10x_sdio.o(i.SDIO_GetITStatus)
    i.SDIO_IRQHandler                        0x08000704   Section        0  sdio_sdcard.o(i.SDIO_IRQHandler)
    i.SDIO_ITConfig                          0x0800070c   Section        0  stm32f10x_sdio.o(i.SDIO_ITConfig)
    i.SDIO_SendCommand                       0x0800072c   Section        0  stm32f10x_sdio.o(i.SDIO_SendCommand)
    i.SD_ProcessIRQSrc                       0x08000758   Section        0  sdio_sdcard.o(i.SD_ProcessIRQSrc)
    i.SetSysClock                            0x08000874   Section        0  system_stm32f10x.o(i.SetSysClock)
    SetSysClock                              0x08000875   Thumb Code     8  system_stm32f10x.o(i.SetSysClock)
    i.SetSysClockTo72                        0x0800087c   Section        0  system_stm32f10x.o(i.SetSysClockTo72)
    SetSysClockTo72                          0x0800087d   Thumb Code   214  system_stm32f10x.o(i.SetSysClockTo72)
    i.SystemInit                             0x0800095c   Section        0  system_stm32f10x.o(i.SystemInit)
    i.TIM1_TRG_COM_IRQHandler                0x080009bc   Section        0  pwm_1.o(i.TIM1_TRG_COM_IRQHandler)
    i.TIM_CCxCmd                             0x08000c1c   Section        0  stm32f10x_tim.o(i.TIM_CCxCmd)
    i.TIM_CCxNCmd                            0x08000c3a   Section        0  stm32f10x_tim.o(i.TIM_CCxNCmd)
    i.TIM_ClearITPendingBit                  0x08000c58   Section        0  stm32f10x_tim.o(i.TIM_ClearITPendingBit)
    i.TIM_SelectOCxM                         0x08000c5e   Section        0  stm32f10x_tim.o(i.TIM_SelectOCxM)
    i._Z15Get_Temperaturev                   0x08000cb0   Section        0  temperature.o(i._Z15Get_Temperaturev)
    i._Z18Temperature_Configv                0x08000ce0   Section        0  temperature.o(i._Z18Temperature_Configv)
    i._Z8vLEDTaskPv                          0x08000d5c   Section        0  main.o(i._Z8vLEDTaskPv)
    vLEDTask(void*)                          0x08000d5d   Thumb Code    28  main.o(i._Z8vLEDTaskPv)
    i.__get_PRIMASK                          0x08000d78   Section        0  trckernel.o(i.__get_PRIMASK)
    __get_PRIMASK                            0x08000d79   Thumb Code     6  trckernel.o(i.__get_PRIMASK)
    i.__get_PRIMASK                          0x08000d7e   Section        0  trcuser.o(i.__get_PRIMASK)
    __get_PRIMASK                            0x08000d7f   Thumb Code     6  trcuser.o(i.__get_PRIMASK)
    i.__set_PRIMASK                          0x08000d84   Section        0  trckernel.o(i.__set_PRIMASK)
    __set_PRIMASK                            0x08000d85   Thumb Code     6  trckernel.o(i.__set_PRIMASK)
    i.__set_PRIMASK                          0x08000d8a   Section        0  trcuser.o(i.__set_PRIMASK)
    __set_PRIMASK                            0x08000d8b   Thumb Code     6  trcuser.o(i.__set_PRIMASK)
    i.main                                   0x08000d90   Section        0  main.o(i.main)
    i.prvAddCurrentTaskToDelayedList         0x08000e4c   Section        0  tasks_1.o(i.prvAddCurrentTaskToDelayedList)
    prvAddCurrentTaskToDelayedList           0x08000e4d   Thumb Code    62  tasks_1.o(i.prvAddCurrentTaskToDelayedList)
    i.prvAllocateTCBAndStack                 0x08000ea0   Section        0  tasks_1.o(i.prvAllocateTCBAndStack)
    prvAllocateTCBAndStack                   0x08000ea1   Thumb Code    66  tasks_1.o(i.prvAllocateTCBAndStack)
    i.prvCheckDataToBeOverwrittenForMultiEntryEvents 0x08000ee4   Section        0  trcbase.o(i.prvCheckDataToBeOverwrittenForMultiEntryEvents)
    i.prvCheckTasksWaitingTermination        0x08000fb0   Section        0  tasks_1.o(i.prvCheckTasksWaitingTermination)
    prvCheckTasksWaitingTermination          0x08000fb1   Thumb Code    86  tasks_1.o(i.prvCheckTasksWaitingTermination)
    i.prvDeleteTCB                           0x08001014   Section        0  tasks_1.o(i.prvDeleteTCB)
    prvDeleteTCB                             0x08001015   Thumb Code    18  tasks_1.o(i.prvDeleteTCB)
    i.prvHeapInit                            0x08001028   Section        0  heap_2_1.o(i.prvHeapInit)
    prvHeapInit                              0x08001029   Thumb Code    42  heap_2_1.o(i.prvHeapInit)
    i.prvIdleTask                            0x08001060   Section        0  tasks_1.o(i.prvIdleTask)
    prvIdleTask                              0x08001061   Thumb Code    20  tasks_1.o(i.prvIdleTask)
    i.prvInitialiseTCBVariables              0x08001078   Section        0  tasks_1.o(i.prvInitialiseTCBVariables)
    prvInitialiseTCBVariables                0x08001079   Thumb Code    92  tasks_1.o(i.prvInitialiseTCBVariables)
    i.prvInitialiseTaskLists                 0x080010d4   Section        0  tasks_1.o(i.prvInitialiseTaskLists)
    prvInitialiseTaskLists                   0x080010d5   Thumb Code    70  tasks_1.o(i.prvInitialiseTaskLists)
    i.prvResetNextTaskUnblockTime            0x0800113c   Section        0  tasks_1.o(i.prvResetNextTaskUnblockTime)
    prvResetNextTaskUnblockTime              0x0800113d   Thumb Code    42  tasks_1.o(i.prvResetNextTaskUnblockTime)
    i.prvTaskExitError                       0x08001170   Section        0  port_1.o(i.prvTaskExitError)
    prvTaskExitError                         0x08001171   Thumb Code     8  port_1.o(i.prvTaskExitError)
    i.prvTraceGetCurrentTaskHandle           0x08001178   Section        0  trckernelport.o(i.prvTraceGetCurrentTaskHandle)
    i.prvTraceGetDTS                         0x08001180   Section        0  trcbase.o(i.prvTraceGetDTS)
    i.prvTraceGetParam                       0x08001304   Section        0  trckernel.o(i.prvTraceGetParam)
    prvTraceGetParam                         0x08001305   Thumb Code    80  trckernel.o(i.prvTraceGetParam)
    i.prvTraceGetTaskNumber                  0x08001394   Section        0  trckernelport.o(i.prvTraceGetTaskNumber)
    i.prvTraceInitCortexM                    0x080013a4   Section        0  trchardwareport.o(i.prvTraceInitCortexM)
    i.prvTraceInitTraceData                  0x08001454   Section        0  trcbase.o(i.prvTraceInitTraceData)
    i.prvTraceUpdateCounters                 0x080016d4   Section        0  trcbase.o(i.prvTraceUpdateCounters)
    i.pszTraceGetErrorNotEnoughHandles       0x08001728   Section        0  trckernelport.o(i.pszTraceGetErrorNotEnoughHandles)
    i.pvPortMalloc                           0x080018b8   Section        0  heap_2_1.o(i.pvPortMalloc)
    i.pxPortInitialiseStack                  0x08001980   Section        0  port_1.o(i.pxPortInitialiseStack)
    i.uiIndexOfObject                        0x080019a0   Section        0  trcbase.o(i.uiIndexOfObject)
    i.uiTraceGetObjectState                  0x08001acc   Section        0  trckernel.o(i.uiTraceGetObjectState)
    i.uiTraceIsObjectExcluded                0x08001b58   Section        0  trckernelport.o(i.uiTraceIsObjectExcluded)
    i.uiTraceStart                           0x08001cb4   Section        0  trcuser.o(i.uiTraceStart)
    i.uxListRemove                           0x08001d54   Section        0  list_1.o(i.uxListRemove)
    i.uxTaskGetTaskNumber                    0x08001d7c   Section        0  tasks_1.o(i.uxTaskGetTaskNumber)
    i.vInitStartMarkers                      0x08001d8c   Section        0  trcbase.o(i.vInitStartMarkers)
    vInitStartMarkers                        0x08001d8d   Thumb Code    36  trcbase.o(i.vInitStartMarkers)
    i.vListInitialise                        0x08001de0   Section        0  list_1.o(i.vListInitialise)
    i.vListInitialiseItem                    0x08001dfa   Section        0  list_1.o(i.vListInitialiseItem)
    i.vListInsert                            0x08001e00   Section        0  list_1.o(i.vListInsert)
    i.vListInsertEnd                         0x08001e34   Section        0  list_1.o(i.vListInsertEnd)
    i.vPortEnterCritical                     0x08001e4c   Section        0  port_1.o(i.vPortEnterCritical)
    i.vPortExitCritical                      0x08001e6c   Section        0  port_1.o(i.vPortExitCritical)
    i.vPortFree                              0x08001e8c   Section        0  heap_2_1.o(i.vPortFree)
    i.vPortSetupTimerInterrupt               0x08001ed8   Section        0  port_1.o(i.vPortSetupTimerInterrupt)
    i.vPortYield                             0x08001eec   Section        0  port_1.o(i.vPortYield)
    i.vTaskDelay                             0x08001f04   Section        0  tasks_1.o(i.vTaskDelay)
    i.vTaskStartScheduler                    0x08001f84   Section        0  tasks_1.o(i.vTaskStartScheduler)
    i.vTaskSuspendAll                        0x08001fd8   Section        0  tasks_1.o(i.vTaskSuspendAll)
    i.vTaskSwitchContext                     0x08001fe8   Section        0  tasks_1.o(i.vTaskSwitchContext)
    i.vTraceError                            0x08002058   Section        0  trcbase.o(i.vTraceError)
    i.vTraceInitObjectHandleStack            0x08002108   Section        0  trckernelport.o(i.vTraceInitObjectHandleStack)
    i.vTraceInitObjectPropertyTable          0x0800215c   Section        0  trckernelport.o(i.vTraceInitObjectPropertyTable)
    i.vTraceInitTraceData                    0x08002280   Section        0  trcuser.o(i.vTraceInitTraceData)
    i.vTracePortGetTimeStamp                 0x08002288   Section        0  trchardwareport.o(i.vTracePortGetTimeStamp)
    i.vTraceSetObjectName                    0x08002314   Section        0  trcbase.o(i.vTraceSetObjectName)
    i.vTraceSetObjectState                   0x08002420   Section        0  trckernel.o(i.vTraceSetObjectState)
    i.vTraceSetPriorityProperty              0x080024ac   Section        0  trckernel.o(i.vTraceSetPriorityProperty)
    i.vTraceSetTaskInstanceFinished          0x08002540   Section        0  trckernel.o(i.vTraceSetTaskInstanceFinished)
    i.vTraceStoreKernelCall                  0x08002584   Section        0  trckernel.o(i.vTraceStoreKernelCall)
    i.vTraceStoreKernelCallWithNumericParamOnly 0x080026e0   Section        0  trckernel.o(i.vTraceStoreKernelCallWithNumericParamOnly)
    i.vTraceStoreMemMangEvent                0x080027e0   Section        0  trckernel.o(i.vTraceStoreMemMangEvent)
    i.vTraceStoreTaskReady                   0x080028c8   Section        0  trckernel.o(i.vTraceStoreTaskReady)
    i.vTraceStoreTaskswitch                  0x080029ec   Section        0  trckernel.o(i.vTraceStoreTaskswitch)
    i.xPortStartScheduler                    0x08002ad4   Section        0  port_1.o(i.xPortStartScheduler)
    i.xPortSysTickHandler                    0x08002b08   Section        0  port_1.o(i.xPortSysTickHandler)
    i.xTaskGenericCreate                     0x08002b28   Section        0  tasks_1.o(i.xTaskGenericCreate)
    i.xTaskGetCurrentTaskHandle              0x08002c84   Section        0  tasks_1.o(i.xTaskGetCurrentTaskHandle)
    i.xTaskIncrementTick                     0x08002c90   Section        0  tasks_1.o(i.xTaskIncrementTick)
    i.xTaskResumeAll                         0x08002de0   Section        0  tasks_1.o(i.xTaskResumeAll)
    i.xTraceGetObjectHandle                  0x08002ec8   Section        0  trcbase.o(i.xTraceGetObjectHandle)
    i.xTraceNextFreeEventBufferSlot          0x08003068   Section        0  trcbase.o(i.xTraceNextFreeEventBufferSlot)
    x$fpl$d2f                                0x080030cc   Section       98  d2f.o(x$fpl$d2f)
    x$fpl$dadd                               0x08003130   Section      336  daddsub_clz.o(x$fpl$dadd)
    _dadd1                                   0x08003141   Thumb Code     0  daddsub_clz.o(x$fpl$dadd)
    x$fpl$ddiv                               0x08003280   Section      688  ddiv.o(x$fpl$ddiv)
    ddiv_entry                               0x08003287   Thumb Code     0  ddiv.o(x$fpl$ddiv)
    x$fpl$dfltu                              0x08003530   Section       38  dflt_clz.o(x$fpl$dfltu)
    x$fpl$dmul                               0x08003558   Section      340  dmul.o(x$fpl$dmul)
    x$fpl$dnaninf                            0x080036ac   Section      156  dnaninf.o(x$fpl$dnaninf)
    x$fpl$dretinf                            0x08003748   Section       12  dretinf.o(x$fpl$dretinf)
    x$fpl$drsb                               0x08003754   Section       22  daddsub_clz.o(x$fpl$drsb)
    x$fpl$dsub                               0x0800376c   Section      468  daddsub_clz.o(x$fpl$dsub)
    _dsub1                                   0x0800377d   Thumb Code     0  daddsub_clz.o(x$fpl$dsub)
    x$fpl$fretinf                            0x08003940   Section       10  fretinf.o(x$fpl$fretinf)
    x$fpl$usenofp                            0x0800394a   Section        0  usenofp.o(x$fpl$usenofp)
    .conststring                             0x0800394c   Section      155  trcbase.o(.conststring)
    .conststring                             0x080039e8   Section      568  trckernel.o(.conststring)
    .conststring                             0x08003c20   Section      208  trckernelport.o(.conststring)
    .conststring                             0x08003cf0   Section       75  trcuser.o(.conststring)
    .data                                    0x20000000   Section       24  heap_2_1.o(.data)
    xStart                                   0x20000000   Data           8  heap_2_1.o(.data)
    xEnd                                     0x20000008   Data           8  heap_2_1.o(.data)
    xFreeBytesRemaining                      0x20000010   Data           4  heap_2_1.o(.data)
    xHeapHasBeenInitialised                  0x20000014   Data           4  heap_2_1.o(.data)
    .data                                    0x20000018   Section        4  port_1.o(.data)
    uxCriticalNesting                        0x20000018   Data           4  port_1.o(.data)
    .data                                    0x2000001c   Section       56  tasks_1.o(.data)
    pxDelayedTaskList                        0x20000020   Data           4  tasks_1.o(.data)
    pxOverflowDelayedTaskList                0x20000024   Data           4  tasks_1.o(.data)
    uxTasksDeleted                           0x20000028   Data           4  tasks_1.o(.data)
    uxCurrentNumberOfTasks                   0x2000002c   Data           4  tasks_1.o(.data)
    xTickCount                               0x20000030   Data           4  tasks_1.o(.data)
    uxTopReadyPriority                       0x20000034   Data           4  tasks_1.o(.data)
    xSchedulerRunning                        0x20000038   Data           4  tasks_1.o(.data)
    uxPendedTicks                            0x2000003c   Data           4  tasks_1.o(.data)
    xYieldPending                            0x20000040   Data           4  tasks_1.o(.data)
    xNumOfOverflows                          0x20000044   Data           4  tasks_1.o(.data)
    uxTaskNumber                             0x20000048   Data           4  tasks_1.o(.data)
    xNextTaskUnblockTime                     0x2000004c   Data           4  tasks_1.o(.data)
    uxSchedulerSuspended                     0x20000050   Data           4  tasks_1.o(.data)
    .data                                    0x20000054   Section       36  trcbase.o(.data)
    indexOfHandle                            0x2000006c   Data           4  trcbase.o(.data)
    idx                                      0x20000070   Data           2  trcbase.o(.data)
    old_timestamp                            0x20000074   Data           4  trcbase.o(.data)
    .data                                    0x20000078   Section       24  trchardwareport.o(.data)
    last_traceTickCount                      0x20000088   Data           4  trchardwareport.o(.data)
    last_hwtc_count                          0x2000008c   Data           4  trchardwareport.o(.data)
    .data                                    0x20000090   Section       12  trckernel.o(.data)
    heapMemUsage                             0x20000094   Data           4  trckernel.o(.data)
    readyEventsEnabled                       0x20000098   Data           4  trckernel.o(.data)
    .data                                    0x2000009c   Section        4  pwm_1.o(.data)
    step                                     0x2000009c   Data           4  pwm_1.o(.data)
    .data                                    0x200000a0   Section       24  sdio_sdcard.o(.data)
    CardType                                 0x200000a0   Data           4  sdio_sdcard.o(.data)
    RCA                                      0x200000a4   Data           4  sdio_sdcard.o(.data)
    .bss                                     0x200000b8   Section    10240  heap_2_1.o(.bss)
    ucHeap                                   0x200000b8   Data       10240  heap_2_1.o(.bss)
    .bss                                     0x200028b8   Section      200  tasks_1.o(.bss)
    pxReadyTasksLists                        0x200028b8   Data         100  tasks_1.o(.bss)
    xDelayedTaskList1                        0x2000291c   Data          20  tasks_1.o(.bss)
    xDelayedTaskList2                        0x20002930   Data          20  tasks_1.o(.bss)
    xPendingReadyList                        0x20002944   Data          20  tasks_1.o(.bss)
    xTasksWaitingTermination                 0x20002958   Data          20  tasks_1.o(.bss)
    xSuspendedTaskList                       0x2000296c   Data          20  tasks_1.o(.bss)
    .bss                                     0x20002980   Section     6256  trcbase.o(.bss)
    .bss                                     0x200041f0   Section      716  sdio_sdcard.o(.bss)
    CSD_Tab                                  0x200043f0   Data          16  sdio_sdcard.o(.bss)
    CID_Tab                                  0x20004400   Data          16  sdio_sdcard.o(.bss)
    SDSTATUS_Tab                             0x20004410   Data          16  sdio_sdcard.o(.bss)
    .bss                                     0x200044bc   Section       96  libspace.o(.bss)
    HEAP                                     0x20004520   Section      512  startup_stm32f10x_hd.o(HEAP)
    Heap_Mem                                 0x20004520   Data         512  startup_stm32f10x_hd.o(HEAP)
    STACK                                    0x20004720   Section     1024  startup_stm32f10x_hd.o(STACK)
    Stack_Mem                                0x20004720   Data        1024  startup_stm32f10x_hd.o(STACK)
    __initial_sp                             0x20004b20   Data           0  startup_stm32f10x_hd.o(STACK)

    Global Symbols

    Symbol Name                              Value     Ov Type        Size  Object(Section)

    BuildAttributes$$THM_ISAv4$P$D$K$B$S$PE$A:L22UL41UL21$X:L11$S22US41US21$IEEE1$IW$USESV6$~STKCKD$USESV7$~SHL$OSPACE$ROPI$EBA8$UX$STANDARDLIB$REQ8$PRES8$EABIv2 0x00000000   Number         0  anon$$obj.o ABSOLUTE
    __ARM_use_no_argv                        0x00000000   Number         0  main.o ABSOLUTE
    __ARM_exceptions_init                     - Undefined Weak Reference
    __alloca_initialize                       - Undefined Weak Reference
    __arm_preinit_                            - Undefined Weak Reference
    __cpp_initialize__aeabi_                  - Undefined Weak Reference
    __cxa_finalize                            - Undefined Weak Reference
    __rt_locale                               - Undefined Weak Reference
    __sigvec_lookup                           - Undefined Weak Reference
    _atexit_init                              - Undefined Weak Reference
    _call_atexit_fns                          - Undefined Weak Reference
    _clock_init                               - Undefined Weak Reference
    _fp_trap_init                             - Undefined Weak Reference
    _fp_trap_shutdown                         - Undefined Weak Reference
    _get_lc_collate                           - Undefined Weak Reference
    _get_lc_ctype                             - Undefined Weak Reference
    _get_lc_monetary                          - Undefined Weak Reference
    _get_lc_numeric                           - Undefined Weak Reference
    _get_lc_time                              - Undefined Weak Reference
    _getenv_init                              - Undefined Weak Reference
    _handle_redirection                       - Undefined Weak Reference
    _init_alloc                               - Undefined Weak Reference
    _init_user_alloc                          - Undefined Weak Reference
    _initio                                   - Undefined Weak Reference
    _rand_init                                - Undefined Weak Reference
    _signal_finish                            - Undefined Weak Reference
    _signal_init                              - Undefined Weak Reference
    _terminate_alloc                          - Undefined Weak Reference
    _terminate_user_alloc                     - Undefined Weak Reference
    _terminateio                              - Undefined Weak Reference
    __Vectors_Size                           0x00000130   Number         0  startup_stm32f10x_hd.o ABSOLUTE
    __Vectors                                0x08000000   Data           4  startup_stm32f10x_hd.o(RESET)
    __Vectors_End                            0x08000130   Data           0  startup_stm32f10x_hd.o(RESET)
    __main                                   0x08000131   Thumb Code     8  __main.o(!!!main)
    __scatterload                            0x08000139   Thumb Code     0  __scatter.o(!!!scatter)
    __scatterload_rt2                        0x08000139   Thumb Code    44  __scatter.o(!!!scatter)
    __scatterload_rt2_thumb_only             0x08000139   Thumb Code     0  __scatter.o(!!!scatter)
    __scatterload_null                       0x08000147   Thumb Code     0  __scatter.o(!!!scatter)
    __scatterload_copy                       0x0800016d   Thumb Code    26  __scatter_copy.o(!!handler_copy)
    __scatterload_zeroinit                   0x08000189   Thumb Code    28  __scatter_zi.o(!!handler_zi)
    __rt_lib_init                            0x080001a5   Thumb Code     0  libinit.o(.ARM.Collect$$libinit$$00000000)
    __rt_lib_init_alloca_1                   0x080001a7   Thumb Code     0  libinit2.o(.ARM.Collect$$libinit$$0000002E)
    __rt_lib_init_argv_1                     0x080001a7   Thumb Code     0  libinit2.o(.ARM.Collect$$libinit$$0000002C)
    __rt_lib_init_atexit_1                   0x080001a7   Thumb Code     0  libinit2.o(.ARM.Collect$$libinit$$0000001B)
    __rt_lib_init_clock_1                    0x080001a7   Thumb Code     0  libinit2.o(.ARM.Collect$$libinit$$00000021)
    __rt_lib_init_cpp_1                      0x080001a7   Thumb Code     0  libinit2.o(.ARM.Collect$$libinit$$00000032)
    __rt_lib_init_exceptions_1               0x080001a7   Thumb Code     0  libinit2.o(.ARM.Collect$$libinit$$00000030)
    __rt_lib_init_fp_1                       0x080001a7   Thumb Code     0  libinit2.o(.ARM.Collect$$libinit$$00000002)
    __rt_lib_init_fp_trap_1                  0x080001a7   Thumb Code     0  libinit2.o(.ARM.Collect$$libinit$$0000001F)
    __rt_lib_init_getenv_1                   0x080001a7   Thumb Code     0  libinit2.o(.ARM.Collect$$libinit$$00000023)
    __rt_lib_init_heap_1                     0x080001a7   Thumb Code     0  libinit2.o(.ARM.Collect$$libinit$$0000000A)
    __rt_lib_init_lc_collate_1               0x080001a7   Thumb Code     0  libinit2.o(.ARM.Collect$$libinit$$00000011)
    __rt_lib_init_lc_ctype_1                 0x080001a7   Thumb Code     0  libinit2.o(.ARM.Collect$$libinit$$00000013)
    __rt_lib_init_lc_monetary_1              0x080001a7   Thumb Code     0  libinit2.o(.ARM.Collect$$libinit$$00000015)
    __rt_lib_init_lc_numeric_1               0x080001a7   Thumb Code     0  libinit2.o(.ARM.Collect$$libinit$$00000017)
    __rt_lib_init_lc_time_1                  0x080001a7   Thumb Code     0  libinit2.o(.ARM.Collect$$libinit$$00000019)
    __rt_lib_init_preinit_1                  0x080001a7   Thumb Code     0  libinit2.o(.ARM.Collect$$libinit$$00000004)
    __rt_lib_init_rand_1                     0x080001a7   Thumb Code     0  libinit2.o(.ARM.Collect$$libinit$$0000000E)
    __rt_lib_init_return                     0x080001a7   Thumb Code     0  libinit2.o(.ARM.Collect$$libinit$$00000033)
    __rt_lib_init_signal_1                   0x080001a7   Thumb Code     0  libinit2.o(.ARM.Collect$$libinit$$0000001D)
    __rt_lib_init_stdio_1                    0x080001a7   Thumb Code     0  libinit2.o(.ARM.Collect$$libinit$$00000025)
    __rt_lib_init_user_alloc_1               0x080001a7   Thumb Code     0  libinit2.o(.ARM.Collect$$libinit$$0000000C)
    __rt_lib_shutdown                        0x080001a9   Thumb Code     0  libshutdown.o(.ARM.Collect$$libshutdown$$00000000)
    __rt_lib_shutdown_cpp_1                  0x080001ab   Thumb Code     0  libshutdown2.o(.ARM.Collect$$libshutdown$$00000002)
    __rt_lib_shutdown_fp_trap_1              0x080001ab   Thumb Code     0  libshutdown2.o(.ARM.Collect$$libshutdown$$00000007)
    __rt_lib_shutdown_heap_1                 0x080001ab   Thumb Code     0  libshutdown2.o(.ARM.Collect$$libshutdown$$0000000F)
    __rt_lib_shutdown_return                 0x080001ab   Thumb Code     0  libshutdown2.o(.ARM.Collect$$libshutdown$$00000010)
    __rt_lib_shutdown_signal_1               0x080001ab   Thumb Code     0  libshutdown2.o(.ARM.Collect$$libshutdown$$0000000A)
    __rt_lib_shutdown_stdio_1                0x080001ab   Thumb Code     0  libshutdown2.o(.ARM.Collect$$libshutdown$$00000004)
    __rt_lib_shutdown_user_alloc_1           0x080001ab   Thumb Code     0  libshutdown2.o(.ARM.Collect$$libshutdown$$0000000C)
    __rt_entry                               0x080001ad   Thumb Code     0  __rtentry.o(.ARM.Collect$$rtentry$$00000000)
    __rt_entry_presh_1                       0x080001ad   Thumb Code     0  __rtentry2.o(.ARM.Collect$$rtentry$$00000002)
    __rt_entry_sh                            0x080001ad   Thumb Code     0  __rtentry4.o(.ARM.Collect$$rtentry$$00000004)
    __rt_entry_li                            0x080001b3   Thumb Code     0  __rtentry2.o(.ARM.Collect$$rtentry$$0000000A)
    __rt_entry_postsh_1                      0x080001b3   Thumb Code     0  __rtentry2.o(.ARM.Collect$$rtentry$$00000009)
    __rt_entry_main                          0x080001b7   Thumb Code     0  __rtentry2.o(.ARM.Collect$$rtentry$$0000000D)
    __rt_entry_postli_1                      0x080001b7   Thumb Code     0  __rtentry2.o(.ARM.Collect$$rtentry$$0000000C)
    __rt_exit                                0x080001bf   Thumb Code     0  rtexit.o(.ARM.Collect$$rtexit$$00000000)
    __rt_exit_ls                             0x080001c1   Thumb Code     0  rtexit2.o(.ARM.Collect$$rtexit$$00000003)
    __rt_exit_prels_1                        0x080001c1   Thumb Code     0  rtexit2.o(.ARM.Collect$$rtexit$$00000002)
    __rt_exit_exit                           0x080001c5   Thumb Code     0  rtexit2.o(.ARM.Collect$$rtexit$$00000004)
    vPortSVCHandler                          0x080001cd   Thumb Code    32  port_1.o(.emb_text)
    __asm___6_port_c_39a90d8d__prvStartFirstTask 0x080001f1   Thumb Code    28  port_1.o(.emb_text)
    xPortPendSVHandler                       0x08000211   Thumb Code    64  port_1.o(.emb_text)
    ulPortSetInterruptMask                   0x08000255   Thumb Code    14  port_1.o(.emb_text)
    vPortClearInterruptMask                  0x08000263   Thumb Code     6  port_1.o(.emb_text)
    vPortGetIPSR                             0x08000269   Thumb Code     6  port_1.o(.emb_text)
    Reset_Handler                            0x08000271   Thumb Code     8  startup_stm32f10x_hd.o(.text)
    NMI_Handler                              0x08000279   Thumb Code     2  startup_stm32f10x_hd.o(.text)
    HardFault_Handler                        0x0800027b   Thumb Code     2  startup_stm32f10x_hd.o(.text)
    MemManage_Handler                        0x0800027d   Thumb Code     2  startup_stm32f10x_hd.o(.text)
    BusFault_Handler                         0x0800027f   Thumb Code     2  startup_stm32f10x_hd.o(.text)
    UsageFault_Handler                       0x08000281   Thumb Code     2  startup_stm32f10x_hd.o(.text)
    SVC_Handler                              0x08000283   Thumb Code     2  startup_stm32f10x_hd.o(.text)
    DebugMon_Handler                         0x08000285   Thumb Code     2  startup_stm32f10x_hd.o(.text)
    PendSV_Handler                           0x08000287   Thumb Code     2  startup_stm32f10x_hd.o(.text)
    SysTick_Handler                          0x08000289   Thumb Code     2  startup_stm32f10x_hd.o(.text)
    ADC1_2_IRQHandler                        0x0800028b   Thumb Code     0  startup_stm32f10x_hd.o(.text)
    ADC3_IRQHandler                          0x0800028b   Thumb Code     0  startup_stm32f10x_hd.o(.text)
    CAN1_RX1_IRQHandler                      0x0800028b   Thumb Code     0  startup_stm32f10x_hd.o(.text)
    CAN1_SCE_IRQHandler                      0x0800028b   Thumb Code     0  startup_stm32f10x_hd.o(.text)
    DMA1_Channel1_IRQHandler                 0x0800028b   Thumb Code     0  startup_stm32f10x_hd.o(.text)
    DMA1_Channel2_IRQHandler                 0x0800028b   Thumb Code     0  startup_stm32f10x_hd.o(.text)
    DMA1_Channel3_IRQHandler                 0x0800028b   Thumb Code     0  startup_stm32f10x_hd.o(.text)
    DMA1_Channel4_IRQHandler                 0x0800028b   Thumb Code     0  startup_stm32f10x_hd.o(.text)
    DMA1_Channel5_IRQHandler                 0x0800028b   Thumb Code     0  startup_stm32f10x_hd.o(.text)
    DMA1_Channel6_IRQHandler                 0x0800028b   Thumb Code     0  startup_stm32f10x_hd.o(.text)
    DMA1_Channel7_IRQHandler                 0x0800028b   Thumb Code     0  startup_stm32f10x_hd.o(.text)
    DMA2_Channel1_IRQHandler                 0x0800028b   Thumb Code     0  startup_stm32f10x_hd.o(.text)
    DMA2_Channel2_IRQHandler                 0x0800028b   Thumb Code     0  startup_stm32f10x_hd.o(.text)
    DMA2_Channel3_IRQHandler                 0x0800028b   Thumb Code     0  startup_stm32f10x_hd.o(.text)
    DMA2_Channel4_5_IRQHandler               0x0800028b   Thumb Code     0  startup_stm32f10x_hd.o(.text)
    EXTI0_IRQHandler                         0x0800028b   Thumb Code     0  startup_stm32f10x_hd.o(.text)
    EXTI15_10_IRQHandler                     0x0800028b   Thumb Code     0  startup_stm32f10x_hd.o(.text)
    EXTI1_IRQHandler                         0x0800028b   Thumb Code     0  startup_stm32f10x_hd.o(.text)
    EXTI2_IRQHandler                         0x0800028b   Thumb Code     0  startup_stm32f10x_hd.o(.text)
    EXTI3_IRQHandler                         0x0800028b   Thumb Code     0  startup_stm32f10x_hd.o(.text)
    EXTI4_IRQHandler                         0x0800028b   Thumb Code     0  startup_stm32f10x_hd.o(.text)
    EXTI9_5_IRQHandler                       0x0800028b   Thumb Code     0  startup_stm32f10x_hd.o(.text)
    FLASH_IRQHandler                         0x0800028b   Thumb Code     0  startup_stm32f10x_hd.o(.text)
    FSMC_IRQHandler                          0x0800028b   Thumb Code     0  startup_stm32f10x_hd.o(.text)
    I2C1_ER_IRQHandler                       0x0800028b   Thumb Code     0  startup_stm32f10x_hd.o(.text)
    I2C1_EV_IRQHandler                       0x0800028b   Thumb Code     0  startup_stm32f10x_hd.o(.text)
    I2C2_ER_IRQHandler                       0x0800028b   Thumb Code     0  startup_stm32f10x_hd.o(.text)
    I2C2_EV_IRQHandler                       0x0800028b   Thumb Code     0  startup_stm32f10x_hd.o(.text)
    PVD_IRQHandler                           0x0800028b   Thumb Code     0  startup_stm32f10x_hd.o(.text)
    RCC_IRQHandler                           0x0800028b   Thumb Code     0  startup_stm32f10x_hd.o(.text)
    RTCAlarm_IRQHandler                      0x0800028b   Thumb Code     0  startup_stm32f10x_hd.o(.text)
    RTC_IRQHandler                           0x0800028b   Thumb Code     0  startup_stm32f10x_hd.o(.text)
    SPI1_IRQHandler                          0x0800028b   Thumb Code     0  startup_stm32f10x_hd.o(.text)
    SPI2_IRQHandler                          0x0800028b   Thumb Code     0  startup_stm32f10x_hd.o(.text)
    SPI3_IRQHandler                          0x0800028b   Thumb Code     0  startup_stm32f10x_hd.o(.text)
    TAMPER_IRQHandler                        0x0800028b   Thumb Code     0  startup_stm32f10x_hd.o(.text)
    TIM1_BRK_IRQHandler                      0x0800028b   Thumb Code     0  startup_stm32f10x_hd.o(.text)
    TIM1_CC_IRQHandler                       0x0800028b   Thumb Code     0  startup_stm32f10x_hd.o(.text)
    TIM1_UP_IRQHandler                       0x0800028b   Thumb Code     0  startup_stm32f10x_hd.o(.text)
    TIM2_IRQHandler                          0x0800028b   Thumb Code     0  startup_stm32f10x_hd.o(.text)
    TIM3_IRQHandler                          0x0800028b   Thumb Code     0  startup_stm32f10x_hd.o(.text)
    TIM4_IRQHandler                          0x0800028b   Thumb Code     0  startup_stm32f10x_hd.o(.text)
    TIM5_IRQHandler                          0x0800028b   Thumb Code     0  startup_stm32f10x_hd.o(.text)
    TIM6_IRQHandler                          0x0800028b   Thumb Code     0  startup_stm32f10x_hd.o(.text)
    TIM7_IRQHandler                          0x0800028b   Thumb Code     0  startup_stm32f10x_hd.o(.text)
    TIM8_BRK_IRQHandler                      0x0800028b   Thumb Code     0  startup_stm32f10x_hd.o(.text)
    TIM8_CC_IRQHandler                       0x0800028b   Thumb Code     0  startup_stm32f10x_hd.o(.text)
    TIM8_TRG_COM_IRQHandler                  0x0800028b   Thumb Code     0  startup_stm32f10x_hd.o(.text)
    TIM8_UP_IRQHandler                       0x0800028b   Thumb Code     0  startup_stm32f10x_hd.o(.text)
    UART4_IRQHandler                         0x0800028b   Thumb Code     0  startup_stm32f10x_hd.o(.text)
    UART5_IRQHandler                         0x0800028b   Thumb Code     0  startup_stm32f10x_hd.o(.text)
    USART1_IRQHandler                        0x0800028b   Thumb Code     0  startup_stm32f10x_hd.o(.text)
    USART2_IRQHandler                        0x0800028b   Thumb Code     0  startup_stm32f10x_hd.o(.text)
    USART3_IRQHandler                        0x0800028b   Thumb Code     0  startup_stm32f10x_hd.o(.text)
    USBWakeUp_IRQHandler                     0x0800028b   Thumb Code     0  startup_stm32f10x_hd.o(.text)
    USB_HP_CAN1_TX_IRQHandler                0x0800028b   Thumb Code     0  startup_stm32f10x_hd.o(.text)
    USB_LP_CAN1_RX0_IRQHandler               0x0800028b   Thumb Code     0  startup_stm32f10x_hd.o(.text)
    WWDG_IRQHandler                          0x0800028b   Thumb Code     0  startup_stm32f10x_hd.o(.text)
    __user_initial_stackheap                 0x0800028d   Thumb Code     0  startup_stm32f10x_hd.o(.text)
    __aeabi_memset                           0x080002b1   Thumb Code    16  aeabi_memset.o(.text)
    __aeabi_memclr4                          0x080002c1   Thumb Code     0  rt_memclr_w.o(.text)
    __aeabi_memclr8                          0x080002c1   Thumb Code     0  rt_memclr_w.o(.text)
    __rt_memclr_w                            0x080002c1   Thumb Code    78  rt_memclr_w.o(.text)
    _memset_w                                0x080002c5   Thumb Code     0  rt_memclr_w.o(.text)
    strncpy                                  0x0800030f   Thumb Code    86  strncpy.o(.text)
    __use_two_region_memory                  0x08000365   Thumb Code     2  heapauxi.o(.text)
    __rt_heap_escrow$2region                 0x08000367   Thumb Code     2  heapauxi.o(.text)
    __rt_heap_expand$2region                 0x08000369   Thumb Code     2  heapauxi.o(.text)
    __aeabi_memclr                           0x0800036b   Thumb Code     0  rt_memclr.o(.text)
    __rt_memclr                              0x0800036b   Thumb Code    68  rt_memclr.o(.text)
    _memset                                  0x0800036f   Thumb Code     0  rt_memclr.o(.text)
    __user_setup_stackheap                   0x080003af   Thumb Code    74  sys_stackheap_outer.o(.text)
    exit                                     0x080003f9   Thumb Code    18  exit.o(.text)
    __user_libspace                          0x0800040d   Thumb Code     8  libspace.o(.text)
    __user_perproc_libspace                  0x0800040d   Thumb Code     0  libspace.o(.text)
    __user_perthread_libspace                0x0800040d   Thumb Code     0  libspace.o(.text)
    _sys_exit                                0x08000415   Thumb Code     8  sys_exit.o(.text)
    __I$use$semihosting                      0x08000421   Thumb Code     0  use_no_semi.o(.text)
    __use_no_semihosting_swi                 0x08000421   Thumb Code     2  use_no_semi.o(.text)
    ADC_Cmd                                  0x08000423   Thumb Code    22  stm32f10x_adc.o(i.ADC_Cmd)
    __semihosting_library_function           0x08000423   Thumb Code     0  indicate_semi.o(.text)
    ADC_DeInit                               0x08000439   Thumb Code    78  stm32f10x_adc.o(i.ADC_DeInit)
    ADC_GetCalibrationStatus                 0x08000495   Thumb Code    20  stm32f10x_adc.o(i.ADC_GetCalibrationStatus)
    ADC_GetConversionValue                   0x080004a9   Thumb Code     8  stm32f10x_adc.o(i.ADC_GetConversionValue)
    ADC_GetFlagStatus                        0x080004b1   Thumb Code    18  stm32f10x_adc.o(i.ADC_GetFlagStatus)
    ADC_GetResetCalibrationStatus            0x080004c3   Thumb Code    20  stm32f10x_adc.o(i.ADC_GetResetCalibrationStatus)
    ADC_Init                                 0x080004d9   Thumb Code    70  stm32f10x_adc.o(i.ADC_Init)
    ADC_RegularChannelConfig                 0x08000529   Thumb Code   184  stm32f10x_adc.o(i.ADC_RegularChannelConfig)
    ADC_ResetCalibration                     0x080005e1   Thumb Code    10  stm32f10x_adc.o(i.ADC_ResetCalibration)
    ADC_SoftwareStartConvCmd                 0x080005eb   Thumb Code    22  stm32f10x_adc.o(i.ADC_SoftwareStartConvCmd)
    ADC_StartCalibration                     0x08000601   Thumb Code    10  stm32f10x_adc.o(i.ADC_StartCalibration)
    ADC_TempSensorVrefintCmd                 0x0800060d   Thumb Code    30  stm32f10x_adc.o(i.ADC_TempSensorVrefintCmd)
    GPIO_ResetBits                           0x08000659   Thumb Code     4  stm32f10x_gpio.o(i.GPIO_ResetBits)
    GPIO_SetBits                             0x0800065d   Thumb Code     4  stm32f10x_gpio.o(i.GPIO_SetBits)
    LED_OFF                                  0x08000661   Thumb Code    14  gpio.o(i.LED_OFF)
    LED_ON                                   0x08000675   Thumb Code    14  gpio.o(i.LED_ON)
    RCC_ADCCLKConfig                         0x08000689   Thumb Code    18  stm32f10x_rcc.o(i.RCC_ADCCLKConfig)
    RCC_APB2PeriphClockCmd                   0x080006a1   Thumb Code    26  stm32f10x_rcc.o(i.RCC_APB2PeriphClockCmd)
    RCC_APB2PeriphResetCmd                   0x080006c1   Thumb Code    26  stm32f10x_rcc.o(i.RCC_APB2PeriphResetCmd)
    SDIO_ClearITPendingBit                   0x080006e1   Thumb Code     6  stm32f10x_sdio.o(i.SDIO_ClearITPendingBit)
    SDIO_GetITStatus                         0x080006ed   Thumb Code    20  stm32f10x_sdio.o(i.SDIO_GetITStatus)
    SDIO_IRQHandler                          0x08000705   Thumb Code     8  sdio_sdcard.o(i.SDIO_IRQHandler)
    SDIO_ITConfig                            0x0800070d   Thumb Code    26  stm32f10x_sdio.o(i.SDIO_ITConfig)
    SDIO_SendCommand                         0x0800072d   Thumb Code    38  stm32f10x_sdio.o(i.SDIO_SendCommand)
    SD_ProcessIRQSrc                         0x08000759   Thumb Code   266  sdio_sdcard.o(i.SD_ProcessIRQSrc)
    SystemInit                               0x0800095d   Thumb Code    78  system_stm32f10x.o(i.SystemInit)
    TIM1_TRG_COM_IRQHandler                  0x080009bd   Thumb Code   598  pwm_1.o(i.TIM1_TRG_COM_IRQHandler)
    TIM_CCxCmd                               0x08000c1d   Thumb Code    30  stm32f10x_tim.o(i.TIM_CCxCmd)
    TIM_CCxNCmd                              0x08000c3b   Thumb Code    30  stm32f10x_tim.o(i.TIM_CCxNCmd)
    TIM_ClearITPendingBit                    0x08000c59   Thumb Code     6  stm32f10x_tim.o(i.TIM_ClearITPendingBit)
    TIM_SelectOCxM                           0x08000c5f   Thumb Code    82  stm32f10x_tim.o(i.TIM_SelectOCxM)
    Get_Temperature()                        0x08000cb1   Thumb Code    44  temperature.o(i._Z15Get_Temperaturev)
    Temperature_Config()                     0x08000ce1   Thumb Code   118  temperature.o(i._Z18Temperature_Configv)
    main                                     0x08000d91   Thumb Code   150  main.o(i.main)
    prvCheckDataToBeOverwrittenForMultiEntryEvents 0x08000ee5   Thumb Code   194  trcbase.o(i.prvCheckDataToBeOverwrittenForMultiEntryEvents)
    prvTraceGetCurrentTaskHandle             0x08001179   Thumb Code     8  trckernelport.o(i.prvTraceGetCurrentTaskHandle)
    prvTraceGetDTS                           0x08001181   Thumb Code   278  trcbase.o(i.prvTraceGetDTS)
    prvTraceGetTaskNumber                    0x08001395   Thumb Code    14  trckernelport.o(i.prvTraceGetTaskNumber)
    prvTraceInitCortexM                      0x080013a5   Thumb Code    86  trchardwareport.o(i.prvTraceInitCortexM)
    prvTraceInitTraceData                    0x08001455   Thumb Code   496  trcbase.o(i.prvTraceInitTraceData)
    prvTraceUpdateCounters                   0x080016d5   Thumb Code    78  trcbase.o(i.prvTraceUpdateCounters)
    pszTraceGetErrorNotEnoughHandles         0x08001729   Thumb Code    50  trckernelport.o(i.pszTraceGetErrorNotEnoughHandles)
    pvPortMalloc                             0x080018b9   Thumb Code   182  heap_2_1.o(i.pvPortMalloc)
    pxPortInitialiseStack                    0x08001981   Thumb Code    26  port_1.o(i.pxPortInitialiseStack)
    uiIndexOfObject                          0x080019a1   Thumb Code   104  trcbase.o(i.uiIndexOfObject)
    uiTraceGetObjectState                    0x08001acd   Thumb Code    72  trckernel.o(i.uiTraceGetObjectState)
    uiTraceIsObjectExcluded                  0x08001b59   Thumb Code   218  trckernelport.o(i.uiTraceIsObjectExcluded)
    uiTraceStart                             0x08001cb5   Thumb Code   130  trcuser.o(i.uiTraceStart)
    uxListRemove                             0x08001d55   Thumb Code    40  list_1.o(i.uxListRemove)
    uxTaskGetTaskNumber                      0x08001d7d   Thumb Code    14  tasks_1.o(i.uxTaskGetTaskNumber)
    vListInitialise                          0x08001de1   Thumb Code    26  list_1.o(i.vListInitialise)
    vListInitialiseItem                      0x08001dfb   Thumb Code     6  list_1.o(i.vListInitialiseItem)
    vListInsert                              0x08001e01   Thumb Code    52  list_1.o(i.vListInsert)
    vListInsertEnd                           0x08001e35   Thumb Code    24  list_1.o(i.vListInsertEnd)
    vPortEnterCritical                       0x08001e4d   Thumb Code    26  port_1.o(i.vPortEnterCritical)
    vPortExitCritical                        0x08001e6d   Thumb Code    26  port_1.o(i.vPortExitCritical)
    vPortFree                                0x08001e8d   Thumb Code    68  heap_2_1.o(i.vPortFree)
    vPortSetupTimerInterrupt                 0x08001ed9   Thumb Code    14  port_1.o(i.vPortSetupTimerInterrupt)
    vPortYield                               0x08001eed   Thumb Code    18  port_1.o(i.vPortYield)
    vTaskDelay                               0x08001f05   Thumb Code   114  tasks_1.o(i.vTaskDelay)
    vTaskStartScheduler                      0x08001f85   Thumb Code    58  tasks_1.o(i.vTaskStartScheduler)
    vTaskSuspendAll                          0x08001fd9   Thumb Code    12  tasks_1.o(i.vTaskSuspendAll)
    vTaskSwitchContext                       0x08001fe9   Thumb Code    92  tasks_1.o(i.vTaskSwitchContext)
    vTraceError                              0x08002059   Thumb Code    76  trcbase.o(i.vTraceError)
    vTraceInitObjectHandleStack              0x08002109   Thumb Code    80  trckernelport.o(i.vTraceInitObjectHandleStack)
    vTraceInitObjectPropertyTable            0x0800215d   Thumb Code   286  trckernelport.o(i.vTraceInitObjectPropertyTable)
    vTraceInitTraceData                      0x08002281   Thumb Code     8  trcuser.o(i.vTraceInitTraceData)
    vTracePortGetTimeStamp                   0x08002289   Thumb Code   112  trchardwareport.o(i.vTracePortGetTimeStamp)
    vTraceSetObjectName                      0x08002315   Thumb Code   118  trcbase.o(i.vTraceSetObjectName)
    vTraceSetObjectState                     0x08002421   Thumb Code    72  trckernel.o(i.vTraceSetObjectState)
    vTraceSetPriorityProperty                0x080024ad   Thumb Code    74  trckernel.o(i.vTraceSetPriorityProperty)
    vTraceSetTaskInstanceFinished            0x08002541   Thumb Code    58  trckernel.o(i.vTraceSetTaskInstanceFinished)
    vTraceStoreKernelCall                    0x08002585   Thumb Code   206  trckernel.o(i.vTraceStoreKernelCall)
    vTraceStoreKernelCallWithNumericParamOnly 0x080026e1   Thumb Code   170  trckernel.o(i.vTraceStoreKernelCallWithNumericParamOnly)
    vTraceStoreMemMangEvent                  0x080027e1   Thumb Code   210  trckernel.o(i.vTraceStoreMemMangEvent)
    vTraceStoreTaskReady                     0x080028c9   Thumb Code   154  trckernel.o(i.vTraceStoreTaskReady)
    vTraceStoreTaskswitch                    0x080029ed   Thumb Code   208  trckernel.o(i.vTraceStoreTaskswitch)
    xPortStartScheduler                      0x08002ad5   Thumb Code    42  port_1.o(i.xPortStartScheduler)
    xPortSysTickHandler                      0x08002b09   Thumb Code    28  port_1.o(i.xPortSysTickHandler)
    xTaskGenericCreate                       0x08002b29   Thumb Code   324  tasks_1.o(i.xTaskGenericCreate)
    xTaskGetCurrentTaskHandle                0x08002c85   Thumb Code     6  tasks_1.o(i.xTaskGetCurrentTaskHandle)
    xTaskIncrementTick                       0x08002c91   Thumb Code   288  tasks_1.o(i.xTaskIncrementTick)
    xTaskResumeAll                           0x08002de1   Thumb Code   198  tasks_1.o(i.xTaskResumeAll)
    xTraceGetObjectHandle                    0x08002ec9   Thumb Code   400  trcbase.o(i.xTraceGetObjectHandle)
    xTraceNextFreeEventBufferSlot            0x08003069   Thumb Code    56  trcbase.o(i.xTraceNextFreeEventBufferSlot)
    __aeabi_d2f                              0x080030cd   Thumb Code     0  d2f.o(x$fpl$d2f)
    _d2f                                     0x080030cd   Thumb Code    98  d2f.o(x$fpl$d2f)
    __aeabi_dadd                             0x08003131   Thumb Code     0  daddsub_clz.o(x$fpl$dadd)
    _dadd                                    0x08003131   Thumb Code   332  daddsub_clz.o(x$fpl$dadd)
    __aeabi_ddiv                             0x08003281   Thumb Code     0  ddiv.o(x$fpl$ddiv)
    _ddiv                                    0x08003281   Thumb Code   552  ddiv.o(x$fpl$ddiv)
    __aeabi_ui2d                             0x08003531   Thumb Code     0  dflt_clz.o(x$fpl$dfltu)
    _dfltu                                   0x08003531   Thumb Code    38  dflt_clz.o(x$fpl$dfltu)
    __aeabi_dmul                             0x08003559   Thumb Code     0  dmul.o(x$fpl$dmul)
    _dmul                                    0x08003559   Thumb Code   332  dmul.o(x$fpl$dmul)
    __fpl_dnaninf                            0x080036ad   Thumb Code   156  dnaninf.o(x$fpl$dnaninf)
    __fpl_dretinf                            0x08003749   Thumb Code    12  dretinf.o(x$fpl$dretinf)
    __aeabi_drsub                            0x08003755   Thumb Code     0  daddsub_clz.o(x$fpl$drsb)
    _drsb                                    0x08003755   Thumb Code    22  daddsub_clz.o(x$fpl$drsb)
    __aeabi_dsub                             0x0800376d   Thumb Code     0  daddsub_clz.o(x$fpl$dsub)
    _dsub                                    0x0800376d   Thumb Code   464  daddsub_clz.o(x$fpl$dsub)
    __fpl_fretinf                            0x08003941   Thumb Code    10  fretinf.o(x$fpl$fretinf)
    __I$use$fp                               0x0800394a   Number         0  usenofp.o(x$fpl$usenofp)
    Region$$Table$$Base                      0x08003d3c   Number         0  anon$$obj.o(Region$$Table)
    Region$$Table$$Limit                     0x08003d5c   Number         0  anon$$obj.o(Region$$Table)
    pxCurrentTCB                             0x2000001c   Data           4  tasks_1.o(.data)
    excludedObjects                          0x20000054   Data           8  trcbase.o(.data)
    init_hwtc_count                          0x2000005c   Data           4  trcbase.o(.data)
    RecorderDataPtr                          0x20000060   Data           4  trcbase.o(.data)
    recorder_busy                            0x20000064   Data           4  trcbase.o(.data)
    traceErrorMessage                        0x20000068   Data           4  trcbase.o(.data)
    trace_disable_timestamp                  0x20000078   Data           4  trchardwareport.o(.data)
    last_timestamp                           0x2000007c   Data           4  trchardwareport.o(.data)
    uiTraceTickCount                         0x20000080   Data           4  trchardwareport.o(.data)
    DWT_CYCLES_ADDED                         0x20000084   Data           4  trchardwareport.o(.data)
    nISRactive                               0x20000090   Data           1  trckernel.o(.data)
    handle_of_last_logged_task               0x20000091   Data           1  trckernel.o(.data)
    inExcludedTask                           0x20000092   Data           1  trckernel.o(.data)
    TransferError                            0x200000a8   Data           1  sdio_sdcard.o(.data)
    StopCondition                            0x200000ac   Data           4  sdio_sdcard.o(.data)
    TransferEnd                              0x200000b0   Data           4  sdio_sdcard.o(.data)
    GPIO_InitStructure                       0x200000b4   Data           4  sdio_sdcard.o(.data)
    excludedEventCodes                       0x20002980   Data          33  trcbase.o(.bss)
    objectHandleStacks                       0x200029a2   Data         110  trcbase.o(.bss)
    RecorderData                             0x20002a10   Data        6112  trcbase.o(.bss)
    SDIO_DATA_BUFFER                         0x200041f0   Data         512  sdio_sdcard.o(.bss)
    SDCardInfo                               0x20004420   Data          88  sdio_sdcard.o(.bss)
    SDIO_InitStructure                       0x20004478   Data          24  sdio_sdcard.o(.bss)
    SDIO_CmdInitStructure                    0x20004490   Data          20  sdio_sdcard.o(.bss)
    SDIO_DataInitStructure                   0x200044a4   Data          24  sdio_sdcard.o(.bss)
    __libspace_start                         0x200044bc   Data          96  libspace.o(.bss)
    __temporary_stack_top$libspace           0x2000451c   Data           0  libspace.o(.bss)



==============================================================================

Memory Map of the image

  Image Entry point : 0x08000131

  Load Region LR_IROM1 (Base: 0x08000000, Size: 0x00003e14, Max: 0x00040000, ABSOLUTE)

    Execution Region ER_IROM1 (Base: 0x08000000, Size: 0x00003d5c, Max: 0x00040000, ABSOLUTE)

    Base Addr    Size         Type   Attr      Idx    E Section Name        Object

    0x08000000   0x00000130   Data   RO         5743    RESET               startup_stm32f10x_hd.o
    0x08000130   0x00000008   Code   RO         5810  * !!!main             c_w.l(__main.o)
    0x08000138   0x00000034   Code   RO         5996    !!!scatter          c_w.l(__scatter.o)
    0x0800016c   0x0000001a   Code   RO         5998    !!handler_copy      c_w.l(__scatter_copy.o)
    0x08000186   0x00000002   PAD
    0x08000188   0x0000001c   Code   RO         6000    !!handler_zi        c_w.l(__scatter_zi.o)
    0x080001a4   0x00000002   Code   RO         5866    .ARM.Collect$$libinit$$00000000  c_w.l(libinit.o)
    0x080001a6   0x00000000   Code   RO         5873    .ARM.Collect$$libinit$$00000002  c_w.l(libinit2.o)
    0x080001a6   0x00000000   Code   RO         5875    .ARM.Collect$$libinit$$00000004  c_w.l(libinit2.o)
    0x080001a6   0x00000000   Code   RO         5878    .ARM.Collect$$libinit$$0000000A  c_w.l(libinit2.o)
    0x080001a6   0x00000000   Code   RO         5880    .ARM.Collect$$libinit$$0000000C  c_w.l(libinit2.o)
    0x080001a6   0x00000000   Code   RO         5882    .ARM.Collect$$libinit$$0000000E  c_w.l(libinit2.o)
    0x080001a6   0x00000000   Code   RO         5885    .ARM.Collect$$libinit$$00000011  c_w.l(libinit2.o)
    0x080001a6   0x00000000   Code   RO         5887    .ARM.Collect$$libinit$$00000013  c_w.l(libinit2.o)
    0x080001a6   0x00000000   Code   RO         5889    .ARM.Collect$$libinit$$00000015  c_w.l(libinit2.o)
    0x080001a6   0x00000000   Code   RO         5891    .ARM.Collect$$libinit$$00000017  c_w.l(libinit2.o)
    0x080001a6   0x00000000   Code   RO         5893    .ARM.Collect$$libinit$$00000019  c_w.l(libinit2.o)
    0x080001a6   0x00000000   Code   RO         5895    .ARM.Collect$$libinit$$0000001B  c_w.l(libinit2.o)
    0x080001a6   0x00000000   Code   RO         5897    .ARM.Collect$$libinit$$0000001D  c_w.l(libinit2.o)
    0x080001a6   0x00000000   Code   RO         5899    .ARM.Collect$$libinit$$0000001F  c_w.l(libinit2.o)
    0x080001a6   0x00000000   Code   RO         5901    .ARM.Collect$$libinit$$00000021  c_w.l(libinit2.o)
    0x080001a6   0x00000000   Code   RO         5903    .ARM.Collect$$libinit$$00000023  c_w.l(libinit2.o)
    0x080001a6   0x00000000   Code   RO         5905    .ARM.Collect$$libinit$$00000025  c_w.l(libinit2.o)
    0x080001a6   0x00000000   Code   RO         5909    .ARM.Collect$$libinit$$0000002C  c_w.l(libinit2.o)
    0x080001a6   0x00000000   Code   RO         5911    .ARM.Collect$$libinit$$0000002E  c_w.l(libinit2.o)
    0x080001a6   0x00000000   Code   RO         5913    .ARM.Collect$$libinit$$00000030  c_w.l(libinit2.o)
    0x080001a6   0x00000000   Code   RO         5915    .ARM.Collect$$libinit$$00000032  c_w.l(libinit2.o)
    0x080001a6   0x00000002   Code   RO         5916    .ARM.Collect$$libinit$$00000033  c_w.l(libinit2.o)
    0x080001a8   0x00000002   Code   RO         5936    .ARM.Collect$$libshutdown$$00000000  c_w.l(libshutdown.o)
    0x080001aa   0x00000000   Code   RO         5949    .ARM.Collect$$libshutdown$$00000002  c_w.l(libshutdown2.o)
    0x080001aa   0x00000000   Code   RO         5951    .ARM.Collect$$libshutdown$$00000004  c_w.l(libshutdown2.o)
    0x080001aa   0x00000000   Code   RO         5954    .ARM.Collect$$libshutdown$$00000007  c_w.l(libshutdown2.o)
    0x080001aa   0x00000000   Code   RO         5957    .ARM.Collect$$libshutdown$$0000000A  c_w.l(libshutdown2.o)
    0x080001aa   0x00000000   Code   RO         5959    .ARM.Collect$$libshutdown$$0000000C  c_w.l(libshutdown2.o)
    0x080001aa   0x00000000   Code   RO         5962    .ARM.Collect$$libshutdown$$0000000F  c_w.l(libshutdown2.o)
    0x080001aa   0x00000002   Code   RO         5963    .ARM.Collect$$libshutdown$$00000010  c_w.l(libshutdown2.o)
    0x080001ac   0x00000000   Code   RO         5832    .ARM.Collect$$rtentry$$00000000  c_w.l(__rtentry.o)
    0x080001ac   0x00000000   Code   RO         5843    .ARM.Collect$$rtentry$$00000002  c_w.l(__rtentry2.o)
    0x080001ac   0x00000006   Code   RO         5855    .ARM.Collect$$rtentry$$00000004  c_w.l(__rtentry4.o)
    0x080001b2   0x00000000   Code   RO         5845    .ARM.Collect$$rtentry$$00000009  c_w.l(__rtentry2.o)
    0x080001b2   0x00000004   Code   RO         5846    .ARM.Collect$$rtentry$$0000000A  c_w.l(__rtentry2.o)
    0x080001b6   0x00000000   Code   RO         5848    .ARM.Collect$$rtentry$$0000000C  c_w.l(__rtentry2.o)
    0x080001b6   0x00000008   Code   RO         5849    .ARM.Collect$$rtentry$$0000000D  c_w.l(__rtentry2.o)
    0x080001be   0x00000002   Code   RO         5870    .ARM.Collect$$rtexit$$00000000  c_w.l(rtexit.o)
    0x080001c0   0x00000000   Code   RO         5918    .ARM.Collect$$rtexit$$00000002  c_w.l(rtexit2.o)
    0x080001c0   0x00000004   Code   RO         5919    .ARM.Collect$$rtexit$$00000003  c_w.l(rtexit2.o)
    0x080001c4   0x00000006   Code   RO         5920    .ARM.Collect$$rtexit$$00000004  c_w.l(rtexit2.o)
    0x080001ca   0x00000002   PAD
    0x080001cc   0x000000a2   Code   RO          625    .emb_text           port_1.o
    0x0800026e   0x00000002   PAD
    0x08000270   0x00000040   Code   RO         5744    .text               startup_stm32f10x_hd.o
    0x080002b0   0x00000010   Code   RO         5802    .text               c_w.l(aeabi_memset.o)
    0x080002c0   0x0000004e   Code   RO         5804    .text               c_w.l(rt_memclr_w.o)
    0x0800030e   0x00000056   Code   RO         5806    .text               c_w.l(strncpy.o)
    0x08000364   0x00000006   Code   RO         5808    .text               c_w.l(heapauxi.o)
    0x0800036a   0x00000044   Code   RO         5833    .text               c_w.l(rt_memclr.o)
    0x080003ae   0x0000004a   Code   RO         5857    .text               c_w.l(sys_stackheap_outer.o)
    0x080003f8   0x00000012   Code   RO         5859    .text               c_w.l(exit.o)
    0x0800040a   0x00000002   PAD
    0x0800040c   0x00000008   Code   RO         5867    .text               c_w.l(libspace.o)
    0x08000414   0x0000000c   Code   RO         5928    .text               c_w.l(sys_exit.o)
    0x08000420   0x00000002   Code   RO         5939    .text               c_w.l(use_no_semi.o)
    0x08000422   0x00000000   Code   RO         5941    .text               c_w.l(indicate_semi.o)
    0x08000422   0x00000016   Code   RO         2555    i.ADC_Cmd           stm32f10x_adc.o
    0x08000438   0x0000005c   Code   RO         2557    i.ADC_DeInit        stm32f10x_adc.o
    0x08000494   0x00000014   Code   RO         2563    i.ADC_GetCalibrationStatus  stm32f10x_adc.o
    0x080004a8   0x00000008   Code   RO         2564    i.ADC_GetConversionValue  stm32f10x_adc.o
    0x080004b0   0x00000012   Code   RO         2566    i.ADC_GetFlagStatus  stm32f10x_adc.o
    0x080004c2   0x00000014   Code   RO         2569    i.ADC_GetResetCalibrationStatus  stm32f10x_adc.o
    0x080004d6   0x00000002   PAD
    0x080004d8   0x00000050   Code   RO         2573    i.ADC_Init          stm32f10x_adc.o
    0x08000528   0x000000b8   Code   RO         2577    i.ADC_RegularChannelConfig  stm32f10x_adc.o
    0x080005e0   0x0000000a   Code   RO         2578    i.ADC_ResetCalibration  stm32f10x_adc.o
    0x080005ea   0x00000016   Code   RO         2580    i.ADC_SoftwareStartConvCmd  stm32f10x_adc.o
    0x08000600   0x0000000a   Code   RO         2582    i.ADC_StartCalibration  stm32f10x_adc.o
    0x0800060a   0x00000002   PAD
    0x0800060c   0x00000024   Code   RO         2584    i.ADC_TempSensorVrefintCmd  stm32f10x_adc.o
    0x08000630   0x00000028   Code   RO         1960    i.CmdResp1Error     sdio_sdcard.o
    0x08000658   0x00000004   Code   RO         3803    i.GPIO_ResetBits    stm32f10x_gpio.o
    0x0800065c   0x00000004   Code   RO         3804    i.GPIO_SetBits      stm32f10x_gpio.o
    0x08000660   0x00000014   Code   RO         2208    i.LED_OFF           gpio.o
    0x08000674   0x00000014   Code   RO         2209    i.LED_ON            gpio.o
    0x08000688   0x00000018   Code   RO         4258    i.RCC_ADCCLKConfig  stm32f10x_rcc.o
    0x080006a0   0x00000020   Code   RO         4262    i.RCC_APB2PeriphClockCmd  stm32f10x_rcc.o
    0x080006c0   0x00000020   Code   RO         4263    i.RCC_APB2PeriphResetCmd  stm32f10x_rcc.o
    0x080006e0   0x0000000c   Code   RO         4574    i.SDIO_ClearITPendingBit  stm32f10x_sdio.o
    0x080006ec   0x00000018   Code   RO         4586    i.SDIO_GetITStatus  stm32f10x_sdio.o
    0x08000704   0x00000008   Code   RO         1969    i.SDIO_IRQHandler   sdio_sdcard.o
    0x0800070c   0x00000020   Code   RO         4589    i.SDIO_ITConfig     stm32f10x_sdio.o
    0x0800072c   0x0000002c   Code   RO         4593    i.SDIO_SendCommand  stm32f10x_sdio.o
    0x08000758   0x0000011c   Code   RO         1984    i.SD_ProcessIRQSrc  sdio_sdcard.o
    0x08000874   0x00000008   Code   RO         5751    i.SetSysClock       system_stm32f10x.o
    0x0800087c   0x000000e0   Code   RO         5752    i.SetSysClockTo72   system_stm32f10x.o
    0x0800095c   0x00000060   Code   RO         5754    i.SystemInit        system_stm32f10x.o
    0x080009bc   0x00000260   Code   RO         1880    i.TIM1_TRG_COM_IRQHandler  pwm_1.o
    0x08000c1c   0x0000001e   Code   RO         4934    i.TIM_CCxCmd        stm32f10x_tim.o
    0x08000c3a   0x0000001e   Code   RO         4935    i.TIM_CCxNCmd       stm32f10x_tim.o
    0x08000c58   0x00000006   Code   RO         4937    i.TIM_ClearITPendingBit  stm32f10x_tim.o
    0x08000c5e   0x00000052   Code   RO         4997    i.TIM_SelectOCxM    stm32f10x_tim.o
    0x08000cb0   0x00000030   Code   RO         2336    i._Z15Get_Temperaturev  temperature.o
    0x08000ce0   0x0000007c   Code   RO         2337    i._Z18Temperature_Configv  temperature.o
    0x08000d5c   0x0000001c   Code   RO            4    i._Z8vLEDTaskPv     main.o
    0x08000d78   0x00000006   Code   RO         1461    i.__get_PRIMASK     trckernel.o
    0x08000d7e   0x00000006   Code   RO         1679    i.__get_PRIMASK     trcuser.o
    0x08000d84   0x00000006   Code   RO         1462    i.__set_PRIMASK     trckernel.o
    0x08000d8a   0x00000006   Code   RO         1680    i.__set_PRIMASK     trcuser.o
    0x08000d90   0x000000bc   Code   RO            5    i.main              main.o
    0x08000e4c   0x00000054   Code   RO          853    i.prvAddCurrentTaskToDelayedList  tasks_1.o
    0x08000ea0   0x00000042   Code   RO          854    i.prvAllocateTCBAndStack  tasks_1.o
    0x08000ee2   0x00000002   PAD
    0x08000ee4   0x000000cc   Code   RO         1307    i.prvCheckDataToBeOverwrittenForMultiEntryEvents  trcbase.o
    0x08000fb0   0x00000064   Code   RO          855    i.prvCheckTasksWaitingTermination  tasks_1.o
    0x08001014   0x00000012   Code   RO          856    i.prvDeleteTCB      tasks_1.o
    0x08001026   0x00000002   PAD
    0x08001028   0x00000038   Code   RO          527    i.prvHeapInit       heap_2_1.o
    0x08001060   0x00000018   Code   RO          857    i.prvIdleTask       tasks_1.o
    0x08001078   0x0000005c   Code   RO          858    i.prvInitialiseTCBVariables  tasks_1.o
    0x080010d4   0x00000068   Code   RO          859    i.prvInitialiseTaskLists  tasks_1.o
    0x0800113c   0x00000034   Code   RO          861    i.prvResetNextTaskUnblockTime  tasks_1.o
    0x08001170   0x00000008   Code   RO          626    i.prvTaskExitError  port_1.o
    0x08001178   0x00000008   Code   RO         1588    i.prvTraceGetCurrentTaskHandle  trckernelport.o
    0x08001180   0x00000184   Code   RO         1310    i.prvTraceGetDTS    trcbase.o
    0x08001304   0x00000090   Code   RO         1463    i.prvTraceGetParam  trckernel.o
    0x08001394   0x0000000e   Code   RO         1591    i.prvTraceGetTaskNumber  trckernelport.o
    0x080013a2   0x00000002   PAD
    0x080013a4   0x000000b0   Code   RO         1425    i.prvTraceInitCortexM  trchardwareport.o
    0x08001454   0x00000280   Code   RO         1311    i.prvTraceInitTraceData  trcbase.o
    0x080016d4   0x00000054   Code   RO         1314    i.prvTraceUpdateCounters  trcbase.o
    0x08001728   0x00000190   Code   RO         1595    i.pszTraceGetErrorNotEnoughHandles  trckernelport.o
    0x080018b8   0x000000c8   Code   RO          528    i.pvPortMalloc      heap_2_1.o
    0x08001980   0x00000020   Code   RO          627    i.pxPortInitialiseStack  port_1.o
    0x080019a0   0x0000012c   Code   RO         1315    i.uiIndexOfObject   trcbase.o
    0x08001acc   0x0000008c   Code   RO         1464    i.uiTraceGetObjectState  trckernel.o
    0x08001b58   0x0000015c   Code   RO         1596    i.uiTraceIsObjectExcluded  trckernelport.o
    0x08001cb4   0x000000a0   Code   RO         1684    i.uiTraceStart      trcuser.o
    0x08001d54   0x00000028   Code   RO          577    i.uxListRemove      list_1.o
    0x08001d7c   0x0000000e   Code   RO          867    i.uxTaskGetTaskNumber  tasks_1.o
    0x08001d8a   0x00000002   PAD
    0x08001d8c   0x00000054   Code   RO         1316    i.vInitStartMarkers  trcbase.o
    0x08001de0   0x0000001a   Code   RO          578    i.vListInitialise   list_1.o
    0x08001dfa   0x00000006   Code   RO          579    i.vListInitialiseItem  list_1.o
    0x08001e00   0x00000034   Code   RO          580    i.vListInsert       list_1.o
    0x08001e34   0x00000018   Code   RO          581    i.vListInsertEnd    list_1.o
    0x08001e4c   0x00000020   Code   RO          629    i.vPortEnterCritical  port_1.o
    0x08001e6c   0x00000020   Code   RO          630    i.vPortExitCritical  port_1.o
    0x08001e8c   0x0000004c   Code   RO          529    i.vPortFree         heap_2_1.o
    0x08001ed8   0x00000014   Code   RO          631    i.vPortSetupTimerInterrupt  port_1.o
    0x08001eec   0x00000018   Code   RO          632    i.vPortYield        port_1.o
    0x08001f04   0x00000080   Code   RO          871    i.vTaskDelay        tasks_1.o
    0x08001f84   0x00000054   Code   RO          883    i.vTaskStartScheduler  tasks_1.o
    0x08001fd8   0x00000010   Code   RO          885    i.vTaskSuspendAll   tasks_1.o
    0x08001fe8   0x00000070   Code   RO          886    i.vTaskSwitchContext  tasks_1.o
    0x08002058   0x000000b0   Code   RO         1317    i.vTraceError       trcbase.o
    0x08002108   0x00000054   Code   RO         1597    i.vTraceInitObjectHandleStack  trckernelport.o
    0x0800215c   0x00000124   Code   RO         1598    i.vTraceInitObjectPropertyTable  trckernelport.o
    0x08002280   0x00000008   Code   RO         1688    i.vTraceInitTraceData  trcuser.o
    0x08002288   0x0000008c   Code   RO         1426    i.vTracePortGetTimeStamp  trchardwareport.o
    0x08002314   0x0000010c   Code   RO         1319    i.vTraceSetObjectName  trcbase.o
    0x08002420   0x0000008c   Code   RO         1466    i.vTraceSetObjectState  trckernel.o
    0x080024ac   0x00000094   Code   RO         1467    i.vTraceSetPriorityProperty  trckernel.o
    0x08002540   0x00000044   Code   RO         1469    i.vTraceSetTaskInstanceFinished  trckernel.o
    0x08002584   0x0000015c   Code   RO         1470    i.vTraceStoreKernelCall  trckernel.o
    0x080026e0   0x00000100   Code   RO         1471    i.vTraceStoreKernelCallWithNumericParamOnly  trckernel.o
    0x080027e0   0x000000e8   Code   RO         1474    i.vTraceStoreMemMangEvent  trckernel.o
    0x080028c8   0x00000124   Code   RO         1477    i.vTraceStoreTaskReady  trckernel.o
    0x080029ec   0x000000e8   Code   RO         1478    i.vTraceStoreTaskswitch  trckernel.o
    0x08002ad4   0x00000034   Code   RO          633    i.xPortStartScheduler  port_1.o
    0x08002b08   0x00000020   Code   RO          634    i.xPortSysTickHandler  port_1.o
    0x08002b28   0x0000015c   Code   RO          888    i.xTaskGenericCreate  tasks_1.o
    0x08002c84   0x0000000c   Code   RO          891    i.xTaskGetCurrentTaskHandle  tasks_1.o
    0x08002c90   0x00000150   Code   RO          895    i.xTaskIncrementTick  tasks_1.o
    0x08002de0   0x000000e8   Code   RO          900    i.xTaskResumeAll    tasks_1.o
    0x08002ec8   0x000001a0   Code   RO         1320    i.xTraceGetObjectHandle  trcbase.o
    0x08003068   0x00000064   Code   RO         1321    i.xTraceNextFreeEventBufferSlot  trcbase.o
    0x080030cc   0x00000062   Code   RO         5812    x$fpl$d2f           fz_ws.l(d2f.o)
    0x0800312e   0x00000002   PAD
    0x08003130   0x00000150   Code   RO         5814    x$fpl$dadd          fz_ws.l(daddsub_clz.o)
    0x08003280   0x000002b0   Code   RO         5821    x$fpl$ddiv          fz_ws.l(ddiv.o)
    0x08003530   0x00000026   Code   RO         5824    x$fpl$dfltu         fz_ws.l(dflt_clz.o)
    0x08003556   0x00000002   PAD
    0x08003558   0x00000154   Code   RO         5830    x$fpl$dmul          fz_ws.l(dmul.o)
    0x080036ac   0x0000009c   Code   RO         5835    x$fpl$dnaninf       fz_ws.l(dnaninf.o)
    0x08003748   0x0000000c   Code   RO         5837    x$fpl$dretinf       fz_ws.l(dretinf.o)
    0x08003754   0x00000016   Code   RO         5815    x$fpl$drsb          fz_ws.l(daddsub_clz.o)
    0x0800376a   0x00000002   PAD
    0x0800376c   0x000001d4   Code   RO         5816    x$fpl$dsub          fz_ws.l(daddsub_clz.o)
    0x08003940   0x0000000a   Code   RO         5839    x$fpl$fretinf       fz_ws.l(fretinf.o)
    0x0800394a   0x00000000   Code   RO         5841    x$fpl$usenofp       fz_ws.l(usenofp.o)
    0x0800394a   0x00000002   PAD
    0x0800394c   0x0000009b   Data   RO         1323    .conststring        trcbase.o
    0x080039e7   0x00000001   PAD
    0x080039e8   0x00000238   Data   RO         1479    .conststring        trckernel.o
    0x08003c20   0x000000d0   Data   RO         1599    .conststring        trckernelport.o
    0x08003cf0   0x0000004b   Data   RO         1708    .conststring        trcuser.o
    0x08003d3b   0x00000001   PAD
    0x08003d3c   0x00000020   Data   RO         5994    Region$$Table       anon$$obj.o


    Execution Region RW_IRAM1 (Base: 0x20000000, Size: 0x00004b20, Max: 0x0000c000, ABSOLUTE)

    Base Addr    Size         Type   Attr      Idx    E Section Name        Object

    0x20000000   0x00000018   Data   RW          533    .data               heap_2_1.o
    0x20000018   0x00000004   Data   RW          635    .data               port_1.o
    0x2000001c   0x00000038   Data   RW          903    .data               tasks_1.o
    0x20000054   0x00000024   Data   RW         1324    .data               trcbase.o
    0x20000078   0x00000018   Data   RW         1427    .data               trchardwareport.o
    0x20000090   0x0000000c   Data   RW         1480    .data               trckernel.o
    0x2000009c   0x00000004   Data   RW         1883    .data               pwm_1.o
    0x200000a0   0x00000018   Data   RW         1999    .data               sdio_sdcard.o
    0x200000b8   0x00002800   Zero   RW          532    .bss                heap_2_1.o
    0x200028b8   0x000000c8   Zero   RW          902    .bss                tasks_1.o
    0x20002980   0x00001870   Zero   RW         1322    .bss                trcbase.o
    0x200041f0   0x000002cc   Zero   RW         1998    .bss                sdio_sdcard.o
    0x200044bc   0x00000060   Zero   RW         5868    .bss                c_w.l(libspace.o)
    0x2000451c   0x00000004   PAD
    0x20004520   0x00000200   Zero   RW         5742    HEAP                startup_stm32f10x_hd.o
    0x20004720   0x00000400   Zero   RW         5741    STACK               startup_stm32f10x_hd.o


==============================================================================

Image component sizes


      Code (inc. data)   RO Data    RW Data    ZI Data      Debug   Object Name

         0          0          0          0          0     270554   croutine_1.o
         0          0          0          0          0       1444   event_groups_1.o
        40         12          0          0          0        767   gpio.o
       332         40          0         24      10240       3203   heap_2_1.o
       148          0          0          0          0       2810   list_1.o
       216         38          0          0          0     217623   main.o
       394         56          0          4          0       5869   port_1.o
       608         10          0          4          0        814   pwm_1.o
         0          0          0          0          0       2780   queue_1.o
       332         22          0         24        716      10666   sdio_sdcard.o
        64         26        304          0       1536        788   startup_stm32f10x_hd.o
       522         30          0          0          0       9501   stm32f10x_adc.o
         8          0          0          0          0       2160   stm32f10x_gpio.o
        88         18          0          0          0       1765   stm32f10x_rcc.o
       112         22          0          0          0       4167   stm32f10x_sdio.o
       148          0          0          0          0       3228   stm32f10x_tim.o
       328         28          0          0          0       1861   system_stm32f10x.o
      1822        260          0         56        200      13077   tasks_1.o
       172         10          0          0          0       1051   temperature.o
      2660        832        155         36       6256      12446   trcbase.o
       316        118          0         24          0       2038   trchardwareport.o
      2012        696        568         12          0       9195   trckernel.o
      1146        506        208          0          0       3406   trckernelport.o
       180         30         75          0          0       1905   trcuser.o

    ----------------------------------------------------------------------
     11662       2754       1344        184      18948     583118   Object Totals
         0          0         32          0          0          0   (incl. Generated)
        14          0          2          0          0          0   (incl. Padding)

    ----------------------------------------------------------------------

      Code (inc. data)   RO Data    RW Data    ZI Data      Debug   Library Member Name

         8          0          0          0          0         68   __main.o
         0          0          0          0          0          0   __rtentry.o
        12          0          0          0          0          0   __rtentry2.o
         6          0          0          0          0          0   __rtentry4.o
        52          8          0          0          0          0   __scatter.o
        26          0          0          0          0          0   __scatter_copy.o
        28          0          0          0          0          0   __scatter_zi.o
        16          0          0          0          0         68   aeabi_memset.o
        18          0          0          0          0         80   exit.o
         6          0          0          0          0        152   heapauxi.o
         0          0          0          0          0          0   indicate_semi.o
         2          0          0          0          0          0   libinit.o
         2          0          0          0          0          0   libinit2.o
         2          0          0          0          0          0   libshutdown.o
         2          0          0          0          0          0   libshutdown2.o
         8          4          0          0         96         68   libspace.o
        68          0          0          0          0         68   rt_memclr.o
        78          0          0          0          0         80   rt_memclr_w.o
         2          0          0          0          0          0   rtexit.o
        10          0          0          0          0          0   rtexit2.o
        86          0          0          0          0         76   strncpy.o
        12          4          0          0          0         68   sys_exit.o
        74          0          0          0          0         80   sys_stackheap_outer.o
         2          0          0          0          0         68   use_no_semi.o
        98          4          0          0          0         92   d2f.o
       826         16          0          0          0        348   daddsub_clz.o
       688        140          0          0          0        208   ddiv.o
        38          0          0          0          0         68   dflt_clz.o
       340         12          0          0          0        104   dmul.o
       156          4          0          0          0         92   dnaninf.o
        12          0          0          0          0         68   dretinf.o
        10          0          0          0          0         68   fretinf.o
         0          0          0          0          0          0   usenofp.o

    ----------------------------------------------------------------------
      2702        192          0          0        100       1924   Library Totals
        14          0          0          0          4          0   (incl. Padding)

    ----------------------------------------------------------------------

      Code (inc. data)   RO Data    RW Data    ZI Data      Debug   Library Name

       520         16          0          0         96        876   c_w.l
      2168        176          0          0          0       1048   fz_ws.l

    ----------------------------------------------------------------------
      2702        192          0          0        100       1924   Library Totals

    ----------------------------------------------------------------------

==============================================================================


      Code (inc. data)   RO Data    RW Data    ZI Data      Debug   

     14364       2946       1344        184      19048     578798   Grand Totals
     14364       2946       1344        184      19048     578798   ELF Image Totals
     14364       2946       1344        184          0          0   ROM Totals

==============================================================================

    Total RO  Size (Code + RO Data)                15708 (  15.34kB)
    Total RW  Size (RW Data + ZI Data)             19232 (  18.78kB)
    Total ROM Size (Code + RO Data + RW Data)      15892 (  15.52kB)

==============================================================================

